Archive member included to satisfy reference by file (symbol)

c:/st/stm32cubeide_1.8.0/stm32cubeide/plugins/com.st.stm32cube.ide.mcu.externaltools.gnu-tools-for-stm32.9-2020-q2-update.win32_2.0.0.202105311346/tools/bin/../lib/gcc/arm-none-eabi/9.3.1/../../../../arm-none-eabi/lib/thumb/v7e-m+fp/hard\libc_nano.a(lib_a-ctype_.o)
                              ./stm32f4/ATGM336H/minmea/minmea.o (_ctype_)
c:/st/stm32cubeide_1.8.0/stm32cubeide/plugins/com.st.stm32cube.ide.mcu.externaltools.gnu-tools-for-stm32.9-2020-q2-update.win32_2.0.0.202105311346/tools/bin/../lib/gcc/arm-none-eabi/9.3.1/../../../../arm-none-eabi/lib/thumb/v7e-m+fp/hard\libc_nano.a(lib_a-errno.o)
                              ./Core/Src/syscalls.o (__errno)
c:/st/stm32cubeide_1.8.0/stm32cubeide/plugins/com.st.stm32cube.ide.mcu.externaltools.gnu-tools-for-stm32.9-2020-q2-update.win32_2.0.0.202105311346/tools/bin/../lib/gcc/arm-none-eabi/9.3.1/../../../../arm-none-eabi/lib/thumb/v7e-m+fp/hard\libc_nano.a(lib_a-exit.o)
                              c:/st/stm32cubeide_1.8.0/stm32cubeide/plugins/com.st.stm32cube.ide.mcu.externaltools.gnu-tools-for-stm32.9-2020-q2-update.win32_2.0.0.202105311346/tools/bin/../lib/gcc/arm-none-eabi/9.3.1/../../../../arm-none-eabi/lib/thumb/v7e-m+fp/hard/crt0.o (exit)
c:/st/stm32cubeide_1.8.0/stm32cubeide/plugins/com.st.stm32cube.ide.mcu.externaltools.gnu-tools-for-stm32.9-2020-q2-update.win32_2.0.0.202105311346/tools/bin/../lib/gcc/arm-none-eabi/9.3.1/../../../../arm-none-eabi/lib/thumb/v7e-m+fp/hard\libc_nano.a(lib_a-impure.o)
                              c:/st/stm32cubeide_1.8.0/stm32cubeide/plugins/com.st.stm32cube.ide.mcu.externaltools.gnu-tools-for-stm32.9-2020-q2-update.win32_2.0.0.202105311346/tools/bin/../lib/gcc/arm-none-eabi/9.3.1/../../../../arm-none-eabi/lib/thumb/v7e-m+fp/hard\libc_nano.a(lib_a-exit.o) (_global_impure_ptr)
c:/st/stm32cubeide_1.8.0/stm32cubeide/plugins/com.st.stm32cube.ide.mcu.externaltools.gnu-tools-for-stm32.9-2020-q2-update.win32_2.0.0.202105311346/tools/bin/../lib/gcc/arm-none-eabi/9.3.1/../../../../arm-none-eabi/lib/thumb/v7e-m+fp/hard\libc_nano.a(lib_a-init.o)
                              c:/st/stm32cubeide_1.8.0/stm32cubeide/plugins/com.st.stm32cube.ide.mcu.externaltools.gnu-tools-for-stm32.9-2020-q2-update.win32_2.0.0.202105311346/tools/bin/../lib/gcc/arm-none-eabi/9.3.1/../../../../arm-none-eabi/lib/thumb/v7e-m+fp/hard/crt0.o (__libc_init_array)
c:/st/stm32cubeide_1.8.0/stm32cubeide/plugins/com.st.stm32cube.ide.mcu.externaltools.gnu-tools-for-stm32.9-2020-q2-update.win32_2.0.0.202105311346/tools/bin/../lib/gcc/arm-none-eabi/9.3.1/../../../../arm-none-eabi/lib/thumb/v7e-m+fp/hard\libc_nano.a(lib_a-memcpy-stub.o)
                              ./stm32f4/ATGM336H/minmea/minmea.o (memcpy)
c:/st/stm32cubeide_1.8.0/stm32cubeide/plugins/com.st.stm32cube.ide.mcu.externaltools.gnu-tools-for-stm32.9-2020-q2-update.win32_2.0.0.202105311346/tools/bin/../lib/gcc/arm-none-eabi/9.3.1/../../../../arm-none-eabi/lib/thumb/v7e-m+fp/hard\libc_nano.a(lib_a-memset.o)
                              c:/st/stm32cubeide_1.8.0/stm32cubeide/plugins/com.st.stm32cube.ide.mcu.externaltools.gnu-tools-for-stm32.9-2020-q2-update.win32_2.0.0.202105311346/tools/bin/../lib/gcc/arm-none-eabi/9.3.1/../../../../arm-none-eabi/lib/thumb/v7e-m+fp/hard/crt0.o (memset)
c:/st/stm32cubeide_1.8.0/stm32cubeide/plugins/com.st.stm32cube.ide.mcu.externaltools.gnu-tools-for-stm32.9-2020-q2-update.win32_2.0.0.202105311346/tools/bin/../lib/gcc/arm-none-eabi/9.3.1/../../../../arm-none-eabi/lib/thumb/v7e-m+fp/hard\libc_nano.a(lib_a-strcmp.o)
                              ./stm32f4/ATGM336H/minmea/minmea.o (strcmp)
c:/st/stm32cubeide_1.8.0/stm32cubeide/plugins/com.st.stm32cube.ide.mcu.externaltools.gnu-tools-for-stm32.9-2020-q2-update.win32_2.0.0.202105311346/tools/bin/../lib/gcc/arm-none-eabi/9.3.1/../../../../arm-none-eabi/lib/thumb/v7e-m+fp/hard\libc_nano.a(lib_a-strlen.o)
                              ./stm32f4/ATGM336H/minmea/minmea.o (strlen)
c:/st/stm32cubeide_1.8.0/stm32cubeide/plugins/com.st.stm32cube.ide.mcu.externaltools.gnu-tools-for-stm32.9-2020-q2-update.win32_2.0.0.202105311346/tools/bin/../lib/gcc/arm-none-eabi/9.3.1/../../../../arm-none-eabi/lib/thumb/v7e-m+fp/hard\libc_nano.a(lib_a-strtol.o)
                              ./stm32f4/ATGM336H/minmea/minmea.o (strtol)
c:/st/stm32cubeide_1.8.0/stm32cubeide/plugins/com.st.stm32cube.ide.mcu.externaltools.gnu-tools-for-stm32.9-2020-q2-update.win32_2.0.0.202105311346/tools/bin/../lib/gcc/arm-none-eabi/9.3.1/thumb/v7e-m+fp/hard\libgcc.a(_arm_muldf3.o)
                              ./stm32f4/BME280/src/bme280.o (__aeabi_dmul)
c:/st/stm32cubeide_1.8.0/stm32cubeide/plugins/com.st.stm32cube.ide.mcu.externaltools.gnu-tools-for-stm32.9-2020-q2-update.win32_2.0.0.202105311346/tools/bin/../lib/gcc/arm-none-eabi/9.3.1/thumb/v7e-m+fp/hard\libgcc.a(_arm_addsubdf3.o)
                              ./stm32f4/BME280/src/bme280.o (__aeabi_dsub)
[...]
Memory Configuration

Name             Origin             Length             Attributes
RAM              0x0000000020000000 0x0000000000020000 xrw
FLASH            0x0000000008000000 0x0000000000080000 xr
*default*        0x0000000000000000 0xffffffffffffffff

Linker script and memory map

LOAD c:/st/stm32cubeide_1.8.0/stm32cubeide/plugins/com.st.stm32cube.ide.mcu.externaltools.gnu-tools-for-stm32.9-2020-q2-update.win32_2.0.0.202105311346/tools/bin/../lib/gcc/arm-none-eabi/9.3.1/thumb/v7e-m+fp/hard/crti.o
LOAD c:/st/stm32cubeide_1.8.0/stm32cubeide/plugins/com.st.stm32cube.ide.mcu.externaltools.gnu-tools-for-stm32.9-2020-q2-update.win32_2.0.0.202105311346/tools/bin/../lib/gcc/arm-none-eabi/9.3.1/thumb/v7e-m+fp/hard/crtbegin.o
LOAD c:/st/stm32cubeide_1.8.0/stm32cubeide/plugins/com.st.stm32cube.ide.mcu.externaltools.gnu-tools-for-stm32.9-2020-q2-update.win32_2.0.0.202105311346/tools/bin/../lib/gcc/arm-none-eabi/9.3.1/../../../../arm-none-eabi/lib/thumb/v7e-m+fp/hard/crt0.o
LOAD ./Application/app_main.o
LOAD ./Core/Src/main.o
LOAD ./Core/Src/stm32f4xx_hal_msp.o
LOAD ./Core/Src/stm32f4xx_it.o
LOAD ./Core/Src/syscalls.o
LOAD ./Core/Src/sysmem.o
LOAD ./Core/Src/system_stm32f4xx.o
LOAD ./Core/Startup/startup_stm32f411ceux.o
LOAD ./Drivers/STM32F4xx_HAL_Driver/Src/stm32f4xx_hal.o
LOAD ./Drivers/STM32F4xx_HAL_Driver/Src/stm32f4xx_hal_cortex.o
LOAD ./Drivers/STM32F4xx_HAL_Driver/Src/stm32f4xx_hal_dma.o
LOAD ./Drivers/STM32F4xx_HAL_Driver/Src/stm32f4xx_hal_dma_ex.o
LOAD ./Drivers/STM32F4xx_HAL_Driver/Src/stm32f4xx_hal_exti.o
LOAD ./Drivers/STM32F4xx_HAL_Driver/Src/stm32f4xx_hal_flash.o
LOAD ./Drivers/STM32F4xx_HAL_Driver/Src/stm32f4xx_hal_flash_ex.o
LOAD ./Drivers/STM32F4xx_HAL_Driver/Src/stm32f4xx_hal_flash_ramfunc.o
LOAD ./Drivers/STM32F4xx_HAL_Driver/Src/stm32f4xx_hal_gpio.o
LOAD ./Drivers/STM32F4xx_HAL_Driver/Src/stm32f4xx_hal_pwr.o
LOAD ./Drivers/STM32F4xx_HAL_Driver/Src/stm32f4xx_hal_pwr_ex.o
LOAD ./Drivers/STM32F4xx_HAL_Driver/Src/stm32f4xx_hal_rcc.o
LOAD ./Drivers/STM32F4xx_HAL_Driver/Src/stm32f4xx_hal_rcc_ex.o
LOAD ./Drivers/STM32F4xx_HAL_Driver/Src/stm32f4xx_hal_spi.o
LOAD ./Drivers/STM32F4xx_HAL_Driver/Src/stm32f4xx_hal_tim.o
LOAD ./Drivers/STM32F4xx_HAL_Driver/Src/stm32f4xx_hal_tim_ex.o
LOAD ./stm32f4/ATGM336H/minmea/example.o
LOAD ./stm32f4/ATGM336H/minmea/minmea.o
LOAD ./stm32f4/ATGM336H/src/nmea_gps.o
LOAD ./stm32f4/BME280/src/DriverForBME280.o
LOAD ./stm32f4/BME280/src/bme280.o
LOAD ./stm32f4/DWT_Delay/src/dwt_delay.o
LOAD ./stm32f4/Dosimeter/src/dosimeter.o
LOAD ./stm32f4/LIS3MDL/src/DLIS3.o
LOAD ./stm32f4/LIS3MDL/src/lis3mdl_reg.o
LOAD ./stm32f4/LSM6DS3/src/DLSM.o
LOAD ./stm32f4/LSM6DS3/src/lsm6ds3_reg.o
LOAD ./stm32f4/Photorezistor/src/photorezistor.o
LOAD ./stm32f4/Shift_Register/src/shift_reg.o
LOAD ./stm32f4/nRF24L01_PL/src/nrf24_lower_api_stm32.o
LOAD ./stm32f4/nRF24L01_PL/src/nrf24_upper_api.o
START GROUP
LOAD c:/st/stm32cubeide_1.8.0/stm32cubeide/plugins/com.st.stm32cube.ide.mcu.externaltools.gnu-tools-for-stm32.9-2020-q2-update.win32_2.0.0.202105311346/tools/bin/../lib/gcc/arm-none-eabi/9.3.1/../../../../arm-none-eabi/lib/thumb/v7e-m+fp/hard\libc_nano.a
LOAD c:/st/stm32cubeide_1.8.0/stm32cubeide/plugins/com.st.stm32cube.ide.mcu.externaltools.gnu-tools-for-stm32.9-2020-q2-update.win32_2.0.0.202105311346/tools/bin/../lib/gcc/arm-none-eabi/9.3.1/../../../../arm-none-eabi/lib/thumb/v7e-m+fp/hard\libm.a
END GROUP
START GROUP
LOAD c:/st/stm32cubeide_1.8.0/stm32cubeide/plugins/com.st.stm32cube.ide.mcu.externaltools.gnu-tools-for-stm32.9-2020-q2-update.win32_2.0.0.202105311346/tools/bin/../lib/gcc/arm-none-eabi/9.3.1/thumb/v7e-m+fp/hard\libgcc.a
LOAD c:/st/stm32cubeide_1.8.0/stm32cubeide/plugins/com.st.stm32cube.ide.mcu.externaltools.gnu-tools-for-stm32.9-2020-q2-update.win32_2.0.0.202105311346/tools/bin/../lib/gcc/arm-none-eabi/9.3.1/../../../../arm-none-eabi/lib/thumb/v7e-m+fp/hard\libc_nano.a
END GROUP
START GROUP
LOAD c:/st/stm32cubeide_1.8.0/stm32cubeide/plugins/com.st.stm32cube.ide.mcu.externaltools.gnu-tools-for-stm32.9-2020-q2-update.win32_2.0.0.202105311346/tools/bin/../lib/gcc/arm-none-eabi/9.3.1/thumb/v7e-m+fp/hard\libgcc.a
LOAD c:/st/stm32cubeide_1.8.0/stm32cubeide/plugins/com.st.stm32cube.ide.mcu.externaltools.gnu-tools-for-stm32.9-2020-q2-update.win32_2.0.0.202105311346/tools/bin/../lib/gcc/arm-none-eabi/9.3.1/../../../../arm-none-eabi/lib/thumb/v7e-m+fp/hard\libc_nano.a
LOAD c:/st/stm32cubeide_1.8.0/stm32cubeide/plugins/com.st.stm32cube.ide.mcu.externaltools.gnu-tools-for-stm32.9-2020-q2-update.win32_2.0.0.202105311346/tools/bin/../lib/gcc/arm-none-eabi/9.3.1/../../../../arm-none-eabi/lib/thumb/v7e-m+fp/hard\libnosys.a
END GROUP
START GROUP
LOAD c:/st/stm32cubeide_1.8.0/stm32cubeide/plugins/com.st.stm32cube.ide.mcu.externaltools.gnu-tools-for-stm32.9-2020-q2-update.win32_2.0.0.202105311346/tools/bin/../lib/gcc/arm-none-eabi/9.3.1/thumb/v7e-m+fp/hard\libgcc.a
LOAD c:/st/stm32cubeide_1.8.0/stm32cubeide/plugins/com.st.stm32cube.ide.mcu.externaltools.gnu-tools-for-stm32.9-2020-q2-update.win32_2.0.0.202105311346/tools/bin/../lib/gcc/arm-none-eabi/9.3.1/../../../../arm-none-eabi/lib/thumb/v7e-m+fp/hard\libc_nano.a
LOAD c:/st/stm32cubeide_1.8.0/stm32cubeide/plugins/com.st.stm32cube.ide.mcu.externaltools.gnu-tools-for-stm32.9-2020-q2-update.win32_2.0.0.202105311346/tools/bin/../lib/gcc/arm-none-eabi/9.3.1/../../../../arm-none-eabi/lib/thumb/v7e-m+fp/hard\libnosys.a
END GROUP
LOAD c:/st/stm32cubeide_1.8.0/stm32cubeide/plugins/com.st.stm32cube.ide.mcu.externaltools.gnu-tools-for-stm32.9-2020-q2-update.win32_2.0.0.202105311346/tools/bin/../lib/gcc/arm-none-eabi/9.3.1/thumb/v7e-m+fp/hard/crtend.o
LOAD c:/st/stm32cubeide_1.8.0/stm32cubeide/plugins/com.st.stm32cube.ide.mcu.externaltools.gnu-tools-for-stm32.9-2020-q2-update.win32_2.0.0.202105311346/tools/bin/../lib/gcc/arm-none-eabi/9.3.1/thumb/v7e-m+fp/hard/crtn.o
                0x0000000020020000                _estack = (ORIGIN (RAM) + LENGTH (RAM))
                0x0000000000000200                _Min_Heap_Size = 0x200
                0x0000000000000400                _Min_Stack_Size = 0x400

.isr_vector     0x0000000008000000      0x198
                0x0000000008000000                . = ALIGN (0x4)
 *(.isr_vector)
 .isr_vector    0x0000000008000000      0x198 ./Core/Startup/startup_stm32f411ceux.o
                0x0000000008000000                g_pfnVectors
                0x0000000008000198                . = ALIGN (0x4)

.text           0x0000000008000198     0x2b54
                0x0000000008000198                . = ALIGN (0x4)
 *(.text)
 .text          0x0000000008000198       0x40 c:/st/stm32cubeide_1.8.0/stm32cubeide/plugins/com.st.stm32cube.ide.mcu.externaltools.gnu-tools-for-stm32.9-2020-q2-update.win32_2.0.0.202105311346/tools/bin/../lib/gcc/arm-none-eabi/9.3.1/thumb/v7e-m+fp/hard/crtbegin.o
 .text          0x00000000080001d8       0x30 c:/st/stm32cubeide_1.8.0/stm32cubeide/plugins/com.st.stm32cube.ide.mcu.externaltools.gnu-tools-for-stm32.9-2020-q2-update.win32_2.0.0.202105311346/tools/bin/../lib/gcc/arm-none-eabi/9.3.1/thumb/v7e-m+fp/hard\libgcc.a(_aeabi_uldivmod.o)
                0x00000000080001d8                __aeabi_uldivmod
 .text          0x0000000008000208      0x2c4 c:/st/stm32cubeide_1.8.0/stm32cubeide/plugins/com.st.stm32cube.ide.mcu.externaltools.gnu-tools-for-stm32.9-2020-q2-update.win32_2.0.0.202105311346/tools/bin/../lib/gcc/arm-none-eabi/9.3.1/thumb/v7e-m+fp/hard\libgcc.a(_udivmoddi4.o)
                0x0000000008000208                __udivmoddi4
 .text          0x00000000080004cc        0x4 c:/st/stm32cubeide_1.8.0/stm32cubeide/plugins/com.st.stm32cube.ide.mcu.externaltools.gnu-tools-for-stm32.9-2020-q2-update.win32_2.0.0.202105311346/tools/bin/../lib/gcc/arm-none-eabi/9.3.1/thumb/v7e-m+fp/hard\libgcc.a(_dvmd_tls.o)
                0x00000000080004cc                __aeabi_idiv0
                0x00000000080004cc                __aeabi_ldiv0
 *(.text*)
 .text.app_main
                0x00000000080004d0      0x188 ./Application/app_main.o
                0x00000000080004d0                app_main
 .text.main     0x0000000008000658       0x1a ./Core/Src/main.o
                0x0000000008000658                main
 *fill*         0x0000000008000672        0x2 
 .text.SystemClock_Config
                0x0000000008000674       0xbc ./Core/Src/main.o
                0x0000000008000674                SystemClock_Config
 .text.MX_SPI2_Init
                0x0000000008000730       0x6c ./Core/Src/main.o
 .text.MX_GPIO_Init
                0x000000000800079c       0xb8 ./Core/Src/main.o
 .text.Error_Handler
                0x0000000008000854        0xa ./Core/Src/main.o
                0x0000000008000854                Error_Handler
 *fill*         0x000000000800085e        0x2 
 .text.HAL_MspInit
                0x0000000008000860       0x50 ./Core/Src/stm32f4xx_hal_msp.o
                0x0000000008000860                HAL_MspInit
 .text.HAL_SPI_MspInit
                0x00000000080008b0       0x90 ./Core/Src/stm32f4xx_hal_msp.o
                0x00000000080008b0                HAL_SPI_MspInit
 .text.NMI_Handler
                0x0000000008000940        0x6 ./Core/Src/stm32f4xx_it.o
                0x0000000008000940                NMI_Handler
 .text.HardFault_Handler
                0x0000000008000946        0x6 ./Core/Src/stm32f4xx_it.o
                0x0000000008000946                HardFault_Handler
 .text.MemManage_Handler
                0x000000000800094c        0x6 ./Core/Src/stm32f4xx_it.o
                0x000000000800094c                MemManage_Handler
 .text.BusFault_Handler
                0x0000000008000952        0x6 ./Core/Src/stm32f4xx_it.o
                0x0000000008000952                BusFault_Handler
 .text.UsageFault_Handler
                0x0000000008000958        0x6 ./Core/Src/stm32f4xx_it.o
                0x0000000008000958                UsageFault_Handler
 .text.SVC_Handler
                0x000000000800095e        0xe ./Core/Src/stm32f4xx_it.o
                0x000000000800095e                SVC_Handler
 .text.DebugMon_Handler
                0x000000000800096c        0xe ./Core/Src/stm32f4xx_it.o
                0x000000000800096c                DebugMon_Handler
 .text.PendSV_Handler
                0x000000000800097a        0xe ./Core/Src/stm32f4xx_it.o
                0x000000000800097a                PendSV_Handler
 .text.SysTick_Handler
                0x0000000008000988        0xc ./Core/Src/stm32f4xx_it.o
                0x0000000008000988                SysTick_Handler
 .text.SystemInit
                0x0000000008000994       0x24 ./Core/Src/system_stm32f4xx.o
                0x0000000008000994                SystemInit
 .text.Reset_Handler
                0x00000000080009b8       0x50 ./Core/Startup/startup_stm32f411ceux.o
                0x00000000080009b8                Reset_Handler
 .text.Default_Handler
                0x0000000008000a08        0x2 ./Core/Startup/startup_stm32f411ceux.o
                0x0000000008000a08                RTC_Alarm_IRQHandler
                0x0000000008000a08                EXTI2_IRQHandler
                0x0000000008000a08                SPI4_IRQHandler
                0x0000000008000a08                TIM1_CC_IRQHandler
                0x0000000008000a08                DMA2_Stream5_IRQHandler
                0x0000000008000a08                DMA1_Stream5_IRQHandler
                0x0000000008000a08                PVD_IRQHandler
                0x0000000008000a08                SDIO_IRQHandler
                0x0000000008000a08                TAMP_STAMP_IRQHandler
                0x0000000008000a08                EXTI3_IRQHandler
                0x0000000008000a08                TIM1_UP_TIM10_IRQHandler
                0x0000000008000a08                I2C3_ER_IRQHandler
                0x0000000008000a08                EXTI0_IRQHandler
                0x0000000008000a08                I2C2_EV_IRQHandler
                0x0000000008000a08                DMA1_Stream2_IRQHandler
                0x0000000008000a08                FPU_IRQHandler
                0x0000000008000a08                DMA2_Stream2_IRQHandler
                0x0000000008000a08                SPI1_IRQHandler
                0x0000000008000a08                TIM1_BRK_TIM9_IRQHandler
                0x0000000008000a08                DMA2_Stream3_IRQHandler
                0x0000000008000a08                USART6_IRQHandler
                0x0000000008000a08                DMA2_Stream0_IRQHandler
                0x0000000008000a08                TIM4_IRQHandler
                0x0000000008000a08                I2C1_EV_IRQHandler
                0x0000000008000a08                DMA1_Stream6_IRQHandler
                0x0000000008000a08                DMA1_Stream1_IRQHandler
                0x0000000008000a08                TIM3_IRQHandler
                0x0000000008000a08                RCC_IRQHandler
                0x0000000008000a08                Default_Handler
                0x0000000008000a08                EXTI15_10_IRQHandler
                0x0000000008000a08                ADC_IRQHandler
                0x0000000008000a08                DMA1_Stream7_IRQHandler
                0x0000000008000a08                SPI5_IRQHandler
                0x0000000008000a08                TIM5_IRQHandler
                0x0000000008000a08                DMA2_Stream7_IRQHandler
                0x0000000008000a08                I2C3_EV_IRQHandler
                0x0000000008000a08                EXTI9_5_IRQHandler
                0x0000000008000a08                RTC_WKUP_IRQHandler
                0x0000000008000a08                SPI2_IRQHandler
                0x0000000008000a08                DMA1_Stream0_IRQHandler
                0x0000000008000a08                EXTI4_IRQHandler
                0x0000000008000a08                WWDG_IRQHandler
                0x0000000008000a08                TIM2_IRQHandler
                0x0000000008000a08                OTG_FS_WKUP_IRQHandler
                0x0000000008000a08                TIM1_TRG_COM_TIM11_IRQHandler
                0x0000000008000a08                EXTI1_IRQHandler
                0x0000000008000a08                USART2_IRQHandler
                0x0000000008000a08                I2C2_ER_IRQHandler
                0x0000000008000a08                DMA2_Stream1_IRQHandler
                0x0000000008000a08                FLASH_IRQHandler
                0x0000000008000a08                DMA2_Stream4_IRQHandler
                0x0000000008000a08                USART1_IRQHandler
                0x0000000008000a08                OTG_FS_IRQHandler
                0x0000000008000a08                SPI3_IRQHandler
                0x0000000008000a08                DMA1_Stream4_IRQHandler
                0x0000000008000a08                I2C1_ER_IRQHandler
                0x0000000008000a08                DMA2_Stream6_IRQHandler
                0x0000000008000a08                DMA1_Stream3_IRQHandler
 *fill*         0x0000000008000a0a        0x2 
 .text.HAL_Init
                0x0000000008000a0c       0x44 ./Drivers/STM32F4xx_HAL_Driver/Src/stm32f4xx_hal.o
                0x0000000008000a0c                HAL_Init
 .text.HAL_InitTick
                0x0000000008000a50       0x60 ./Drivers/STM32F4xx_HAL_Driver/Src/stm32f4xx_hal.o
                0x0000000008000a50                HAL_InitTick
 .text.HAL_IncTick
                0x0000000008000ab0       0x28 ./Drivers/STM32F4xx_HAL_Driver/Src/stm32f4xx_hal.o
                0x0000000008000ab0                HAL_IncTick
 .text.HAL_GetTick
                0x0000000008000ad8       0x18 ./Drivers/STM32F4xx_HAL_Driver/Src/stm32f4xx_hal.o
                0x0000000008000ad8                HAL_GetTick
 .text.HAL_Delay
                0x0000000008000af0       0x48 ./Drivers/STM32F4xx_HAL_Driver/Src/stm32f4xx_hal.o
                0x0000000008000af0                HAL_Delay
 .text.__NVIC_SetPriorityGrouping
                0x0000000008000b38       0x48 ./Drivers/STM32F4xx_HAL_Driver/Src/stm32f4xx_hal_cortex.o
 .text.__NVIC_GetPriorityGrouping
                0x0000000008000b80       0x1c ./Drivers/STM32F4xx_HAL_Driver/Src/stm32f4xx_hal_cortex.o
 .text.__NVIC_SetPriority
                0x0000000008000b9c       0x54 ./Drivers/STM32F4xx_HAL_Driver/Src/stm32f4xx_hal_cortex.o
 .text.NVIC_EncodePriority
                0x0000000008000bf0       0x66 ./Drivers/STM32F4xx_HAL_Driver/Src/stm32f4xx_hal_cortex.o
 *fill*         0x0000000008000c56        0x2 
 .text.SysTick_Config
                0x0000000008000c58       0x44 ./Drivers/STM32F4xx_HAL_Driver/Src/stm32f4xx_hal_cortex.o
 .text.HAL_NVIC_SetPriorityGrouping
                0x0000000008000c9c       0x16 ./Drivers/STM32F4xx_HAL_Driver/Src/stm32f4xx_hal_cortex.o
                0x0000000008000c9c                HAL_NVIC_SetPriorityGrouping
 .text.HAL_NVIC_SetPriority
                0x0000000008000cb2       0x38 ./Drivers/STM32F4xx_HAL_Driver/Src/stm32f4xx_hal_cortex.o
                0x0000000008000cb2                HAL_NVIC_SetPriority
 .text.HAL_SYSTICK_Config
                0x0000000008000cea       0x18 ./Drivers/STM32F4xx_HAL_Driver/Src/stm32f4xx_hal_cortex.o
                0x0000000008000cea                HAL_SYSTICK_Config
 *fill*         0x0000000008000d02        0x2 
 .text.HAL_GPIO_Init
                0x0000000008000d04      0x308 ./Drivers/STM32F4xx_HAL_Driver/Src/stm32f4xx_hal_gpio.o
                0x0000000008000d04                HAL_GPIO_Init
 .text.HAL_GPIO_WritePin
                0x000000000800100c       0x32 ./Drivers/STM32F4xx_HAL_Driver/Src/stm32f4xx_hal_gpio.o
                0x000000000800100c                HAL_GPIO_WritePin
 *fill*         0x000000000800103e        0x2 
 .text.HAL_RCC_OscConfig
                0x0000000008001040      0x4f0 ./Drivers/STM32F4xx_HAL_Driver/Src/stm32f4xx_hal_rcc.o
                0x0000000008001040                HAL_RCC_OscConfig
 .text.HAL_RCC_ClockConfig
                0x0000000008001530      0x1cc ./Drivers/STM32F4xx_HAL_Driver/Src/stm32f4xx_hal_rcc.o
                0x0000000008001530                HAL_RCC_ClockConfig
 .text.HAL_RCC_GetSysClockFreq
                0x00000000080016fc      0x16c ./Drivers/STM32F4xx_HAL_Driver/Src/stm32f4xx_hal_rcc.o
                0x00000000080016fc                HAL_RCC_GetSysClockFreq
 .text.HAL_SPI_Init
                0x0000000008001868      0x112 ./Drivers/STM32F4xx_HAL_Driver/Src/stm32f4xx_hal_spi.o
                0x0000000008001868                HAL_SPI_Init
 .text.HAL_SPI_Transmit
                0x000000000800197a      0x278 ./Drivers/STM32F4xx_HAL_Driver/Src/stm32f4xx_hal_spi.o
                0x000000000800197a                HAL_SPI_Transmit
 .text.HAL_SPI_Receive
                0x0000000008001bf2      0x222 ./Drivers/STM32F4xx_HAL_Driver/Src/stm32f4xx_hal_spi.o
                0x0000000008001bf2                HAL_SPI_Receive
 .text.HAL_SPI_TransmitReceive
                0x0000000008001e14      0x344 ./Drivers/STM32F4xx_HAL_Driver/Src/stm32f4xx_hal_spi.o
                0x0000000008001e14                HAL_SPI_TransmitReceive
 .text.SPI_WaitFlagStateUntilTimeout
                0x0000000008002158      0x110 ./Drivers/STM32F4xx_HAL_Driver/Src/stm32f4xx_hal_spi.o
 .text.SPI_EndRxTransaction
                0x0000000008002268       0xca ./Drivers/STM32F4xx_HAL_Driver/Src/stm32f4xx_hal_spi.o
 *fill*         0x0000000008002332        0x2 
 .text.SPI_EndRxTxTransaction
                0x0000000008002334       0x84 ./Drivers/STM32F4xx_HAL_Driver/Src/stm32f4xx_hal_spi.o
 .text._nrf24_CS
                0x00000000080023b8       0x46 ./stm32f4/nRF24L01_PL/src/nrf24_lower_api_stm32.o
 .text.nrf24_read_register
                0x00000000080023fe       0x5e ./stm32f4/nRF24L01_PL/src/nrf24_lower_api_stm32.o
                0x00000000080023fe                nrf24_read_register
 .text.nrf24_write_register
                0x000000000800245c       0x68 ./stm32f4/nRF24L01_PL/src/nrf24_lower_api_stm32.o
                0x000000000800245c                nrf24_write_register
 .text.nrf24_read_rx_payload
                0x00000000080024c4       0x80 ./stm32f4/nRF24L01_PL/src/nrf24_lower_api_stm32.o
                0x00000000080024c4                nrf24_read_rx_payload
 .text.nrf24_flush_rx
                0x0000000008002544       0x3e ./stm32f4/nRF24L01_PL/src/nrf24_lower_api_stm32.o
                0x0000000008002544                nrf24_flush_rx
 .text.nrf24_flush_tx
                0x0000000008002582       0x3e ./stm32f4/nRF24L01_PL/src/nrf24_lower_api_stm32.o
                0x0000000008002582                nrf24_flush_tx
 .text.nrf24_get_rx_payload_size
                0x00000000080025c0       0x62 ./stm32f4/nRF24L01_PL/src/nrf24_lower_api_stm32.o
                0x00000000080025c0                nrf24_get_rx_payload_size
 .text.nrf24_get_status
                0x0000000008002622       0x44 ./stm32f4/nRF24L01_PL/src/nrf24_lower_api_stm32.o
                0x0000000008002622                nrf24_get_status
 .text.nrf24_ce_activate
                0x0000000008002666       0x24 ./stm32f4/nRF24L01_PL/src/nrf24_lower_api_stm32.o
                0x0000000008002666                nrf24_ce_activate
 .text._nrf24_CE
                0x000000000800268a       0x46 ./stm32f4/nRF24L01_PL/src/nrf24_lower_api_stm32.o
                0x000000000800268a                _nrf24_CE
 .text.nrf24_spi_init
                0x00000000080026d0       0x38 ./stm32f4/nRF24L01_PL/src/nrf24_lower_api_stm32.o
                0x00000000080026d0                nrf24_spi_init
 .text.nrf24_setup_rf
                0x0000000008002708       0xc4 ./stm32f4/nRF24L01_PL/src/nrf24_upper_api.o
                0x0000000008002708                nrf24_setup_rf
 .text.nrf24_setup_protocol
                0x00000000080027cc      0x108 ./stm32f4/nRF24L01_PL/src/nrf24_upper_api.o
                0x00000000080027cc                nrf24_setup_protocol
 .text.nrf24_pipe_rx_start
                0x00000000080028d4      0x1d4 ./stm32f4/nRF24L01_PL/src/nrf24_upper_api.o
                0x00000000080028d4                nrf24_pipe_rx_start
 .text.nrf24_mode_standby
                0x0000000008002aa8       0x44 ./stm32f4/nRF24L01_PL/src/nrf24_upper_api.o
                0x0000000008002aa8                nrf24_mode_standby
 .text.nrf24_mode_rx
                0x0000000008002aec       0x44 ./stm32f4/nRF24L01_PL/src/nrf24_upper_api.o
                0x0000000008002aec                nrf24_mode_rx
 .text.nrf24_fifo_status
                0x0000000008002b30       0x80 ./stm32f4/nRF24L01_PL/src/nrf24_upper_api.o
                0x0000000008002b30                nrf24_fifo_status
 .text.nrf24_fifo_read
                0x0000000008002bb0       0x3a ./stm32f4/nRF24L01_PL/src/nrf24_upper_api.o
                0x0000000008002bb0                nrf24_fifo_read
 .text.nrf24_fifo_flush_tx
                0x0000000008002bea       0x18 ./stm32f4/nRF24L01_PL/src/nrf24_upper_api.o
                0x0000000008002bea                nrf24_fifo_flush_tx
 .text.nrf24_fifo_flush_rx
                0x0000000008002c02       0x18 ./stm32f4/nRF24L01_PL/src/nrf24_upper_api.o
                0x0000000008002c02                nrf24_fifo_flush_rx
 .text.nrf24_irq_get
                0x0000000008002c1a       0x32 ./stm32f4/nRF24L01_PL/src/nrf24_upper_api.o
                0x0000000008002c1a                nrf24_irq_get
 .text.nrf24_irq_clear
                0x0000000008002c4c       0x30 ./stm32f4/nRF24L01_PL/src/nrf24_upper_api.o
                0x0000000008002c4c                nrf24_irq_clear
 .text.__libc_init_array
                0x0000000008002c7c       0x48 c:/st/stm32cubeide_1.8.0/stm32cubeide/plugins/com.st.stm32cube.ide.mcu.externaltools.gnu-tools-for-stm32.9-2020-q2-update.win32_2.0.0.202105311346/tools/bin/../lib/gcc/arm-none-eabi/9.3.1/../../../../arm-none-eabi/lib/thumb/v7e-m+fp/hard\libc_nano.a(lib_a-init.o)
                0x0000000008002c7c                __libc_init_array
 .text.memset   0x0000000008002cc4       0x10 c:/st/stm32cubeide_1.8.0/stm32cubeide/plugins/com.st.stm32cube.ide.mcu.externaltools.gnu-tools-for-stm32.9-2020-q2-update.win32_2.0.0.202105311346/tools/bin/../lib/gcc/arm-none-eabi/9.3.1/../../../../arm-none-eabi/lib/thumb/v7e-m+fp/hard\libc_nano.a(lib_a-memset.o)
                0x0000000008002cc4                memset
 *(.glue_7)
 .glue_7        0x0000000008002cd4        0x0 linker stubs
 *(.glue_7t)
 .glue_7t       0x0000000008002cd4        0x0 linker stubs
 *(.eh_frame)
 .eh_frame      0x0000000008002cd4        0x0 c:/st/stm32cubeide_1.8.0/stm32cubeide/plugins/com.st.stm32cube.ide.mcu.externaltools.gnu-tools-for-stm32.9-2020-q2-update.win32_2.0.0.202105311346/tools/bin/../lib/gcc/arm-none-eabi/9.3.1/thumb/v7e-m+fp/hard/crtbegin.o
 *(.init)
 .init          0x0000000008002cd4        0x4 c:/st/stm32cubeide_1.8.0/stm32cubeide/plugins/com.st.stm32cube.ide.mcu.externaltools.gnu-tools-for-stm32.9-2020-q2-update.win32_2.0.0.202105311346/tools/bin/../lib/gcc/arm-none-eabi/9.3.1/thumb/v7e-m+fp/hard/crti.o
                0x0000000008002cd4                _init
 .init          0x0000000008002cd8        0x8 c:/st/stm32cubeide_1.8.0/stm32cubeide/plugins/com.st.stm32cube.ide.mcu.externaltools.gnu-tools-for-stm32.9-2020-q2-update.win32_2.0.0.202105311346/tools/bin/../lib/gcc/arm-none-eabi/9.3.1/thumb/v7e-m+fp/hard/crtn.o
 *(.fini)
 .fini          0x0000000008002ce0        0x4 c:/st/stm32cubeide_1.8.0/stm32cubeide/plugins/com.st.stm32cube.ide.mcu.externaltools.gnu-tools-for-stm32.9-2020-q2-update.win32_2.0.0.202105311346/tools/bin/../lib/gcc/arm-none-eabi/9.3.1/thumb/v7e-m+fp/hard/crti.o
                0x0000000008002ce0                _fini
 .fini          0x0000000008002ce4        0x8 c:/st/stm32cubeide_1.8.0/stm32cubeide/plugins/com.st.stm32cube.ide.mcu.externaltools.gnu-tools-for-stm32.9-2020-q2-update.win32_2.0.0.202105311346/tools/bin/../lib/gcc/arm-none-eabi/9.3.1/thumb/v7e-m+fp/hard/crtn.o
                0x0000000008002cec                . = ALIGN (0x4)
                0x0000000008002cec                _etext = .

.vfp11_veneer   0x0000000008002cec        0x0
 .vfp11_veneer  0x0000000008002cec        0x0 linker stubs

.v4_bx          0x0000000008002cec        0x0
 .v4_bx         0x0000000008002cec        0x0 linker stubs

.iplt           0x0000000008002cec        0x0
 .iplt          0x0000000008002cec        0x0 c:/st/stm32cubeide_1.8.0/stm32cubeide/plugins/com.st.stm32cube.ide.mcu.externaltools.gnu-tools-for-stm32.9-2020-q2-update.win32_2.0.0.202105311346/tools/bin/../lib/gcc/arm-none-eabi/9.3.1/thumb/v7e-m+fp/hard/crtbegin.o

.rodata         0x0000000008002cec       0x10
                0x0000000008002cec                . = ALIGN (0x4)
 *(.rodata)
 *(.rodata*)
 .rodata.AHBPrescTable
                0x0000000008002cec       0x10 ./Core/Src/system_stm32f4xx.o
                0x0000000008002cec                AHBPrescTable
                0x0000000008002cfc                . = ALIGN (0x4)

.ARM.extab      0x0000000008002cfc        0x0
                0x0000000008002cfc                . = ALIGN (0x4)
 *(.ARM.extab* .gnu.linkonce.armextab.*)
                0x0000000008002cfc                . = ALIGN (0x4)

.ARM            0x0000000008002cfc        0x8
                0x0000000008002cfc                . = ALIGN (0x4)
                0x0000000008002cfc                __exidx_start = .
 *(.ARM.exidx*)
 .ARM.exidx     0x0000000008002cfc        0x8 c:/st/stm32cubeide_1.8.0/stm32cubeide/plugins/com.st.stm32cube.ide.mcu.externaltools.gnu-tools-for-stm32.9-2020-q2-update.win32_2.0.0.202105311346/tools/bin/../lib/gcc/arm-none-eabi/9.3.1/thumb/v7e-m+fp/hard\libgcc.a(_udivmoddi4.o)
                0x0000000008002d04                __exidx_end = .
                0x0000000008002d04                . = ALIGN (0x4)

.rel.dyn        0x0000000008002d04        0x0
 .rel.iplt      0x0000000008002d04        0x0 c:/st/stm32cubeide_1.8.0/stm32cubeide/plugins/com.st.stm32cube.ide.mcu.externaltools.gnu-tools-for-stm32.9-2020-q2-update.win32_2.0.0.202105311346/tools/bin/../lib/gcc/arm-none-eabi/9.3.1/thumb/v7e-m+fp/hard/crtbegin.o

.preinit_array  0x0000000008002d04        0x0
                0x0000000008002d04                . = ALIGN (0x4)
                0x0000000008002d04                PROVIDE (__preinit_array_start = .)
 *(.preinit_array*)
                0x0000000008002d04                PROVIDE (__preinit_array_end = .)
                0x0000000008002d04                . = ALIGN (0x4)

.init_array     0x0000000008002d04        0x4
                0x0000000008002d04                . = ALIGN (0x4)
                0x0000000008002d04                PROVIDE (__init_array_start = .)
 *(SORT_BY_NAME(.init_array.*))
 *(.init_array*)
 .init_array    0x0000000008002d04        0x4 c:/st/stm32cubeide_1.8.0/stm32cubeide/plugins/com.st.stm32cube.ide.mcu.externaltools.gnu-tools-for-stm32.9-2020-q2-update.win32_2.0.0.202105311346/tools/bin/../lib/gcc/arm-none-eabi/9.3.1/thumb/v7e-m+fp/hard/crtbegin.o
                0x0000000008002d08                PROVIDE (__init_array_end = .)
                0x0000000008002d08                . = ALIGN (0x4)

.fini_array     0x0000000008002d08        0x4
                0x0000000008002d08                . = ALIGN (0x4)
                [!provide]                        PROVIDE (__fini_array_start = .)
 *(SORT_BY_NAME(.fini_array.*))
 *(.fini_array*)
 .fini_array    0x0000000008002d08        0x4 c:/st/stm32cubeide_1.8.0/stm32cubeide/plugins/com.st.stm32cube.ide.mcu.externaltools.gnu-tools-for-stm32.9-2020-q2-update.win32_2.0.0.202105311346/tools/bin/../lib/gcc/arm-none-eabi/9.3.1/thumb/v7e-m+fp/hard/crtbegin.o
                [!provide]                        PROVIDE (__fini_array_end = .)
                0x0000000008002d0c                . = ALIGN (0x4)
                0x0000000008002d0c                _sidata = LOADADDR (.data)

.data           0x0000000020000000        0xc load address 0x0000000008002d0c
                0x0000000020000000                . = ALIGN (0x4)
                0x0000000020000000                _sdata = .
 *(.data)
 *(.data*)
 .data.SystemCoreClock
                0x0000000020000000        0x4 ./Core/Src/system_stm32f4xx.o
                0x0000000020000000                SystemCoreClock
 .data.uwTickPrio
                0x0000000020000004        0x4 ./Drivers/STM32F4xx_HAL_Driver/Src/stm32f4xx_hal.o
                0x0000000020000004                uwTickPrio
 .data.uwTickFreq
                0x0000000020000008        0x1 ./Drivers/STM32F4xx_HAL_Driver/Src/stm32f4xx_hal.o
                0x0000000020000008                uwTickFreq
 *(.RamFunc)
 *(.RamFunc*)
                0x000000002000000c                . = ALIGN (0x4)
 *fill*         0x0000000020000009        0x3 
                0x000000002000000c                _edata = .

.igot.plt       0x000000002000000c        0x0 load address 0x0000000008002d18
 .igot.plt      0x000000002000000c        0x0 c:/st/stm32cubeide_1.8.0/stm32cubeide/plugins/com.st.stm32cube.ide.mcu.externaltools.gnu-tools-for-stm32.9-2020-q2-update.win32_2.0.0.202105311346/tools/bin/../lib/gcc/arm-none-eabi/9.3.1/thumb/v7e-m+fp/hard/crtbegin.o
                0x000000002000000c                . = ALIGN (0x4)

.bss            0x000000002000000c       0x78 load address 0x0000000008002d18
                0x000000002000000c                _sbss = .
                0x000000002000000c                __bss_start__ = _sbss
 *(.bss)
 .bss           0x000000002000000c       0x1c c:/st/stm32cubeide_1.8.0/stm32cubeide/plugins/com.st.stm32cube.ide.mcu.externaltools.gnu-tools-for-stm32.9-2020-q2-update.win32_2.0.0.202105311346/tools/bin/../lib/gcc/arm-none-eabi/9.3.1/thumb/v7e-m+fp/hard/crtbegin.o
 *(.bss*)
 *(COMMON)
 COMMON         0x0000000020000028       0x58 ./Core/Src/main.o
                0x0000000020000028                hspi2
 COMMON         0x0000000020000080        0x4 ./Drivers/STM32F4xx_HAL_Driver/Src/stm32f4xx_hal.o
                0x0000000020000080                uwTick
                0x0000000020000084                . = ALIGN (0x4)
                0x0000000020000084                _ebss = .
                0x0000000020000084                __bss_end__ = _ebss

._user_heap_stack
                0x0000000020000084      0x604 load address 0x0000000008002d18
                0x0000000020000088                . = ALIGN (0x8)
 *fill*         0x0000000020000084        0x4 
                [!provide]                        PROVIDE (end = .)
                0x0000000020000088                PROVIDE (_end = .)
                0x0000000020000288                . = (. + _Min_Heap_Size)
 *fill*         0x0000000020000088      0x200 
                0x0000000020000688                . = (. + _Min_Stack_Size)
 *fill*         0x0000000020000288      0x400 
                0x0000000020000688                . = ALIGN (0x8)

/DISCARD/
 libc.a(*)
 libm.a(*)
 libgcc.a(*)

.ARM.attributes
                0x0000000000000000       0x30
 *(.ARM.attributes)
 .ARM.attributes
                0x0000000000000000       0x1e c:/st/stm32cubeide_1.8.0/stm32cubeide/plugins/com.st.stm32cube.ide.mcu.externaltools.gnu-tools-for-stm32.9-2020-q2-update.win32_2.0.0.202105311346/tools/bin/../lib/gcc/arm-none-eabi/9.3.1/thumb/v7e-m+fp/hard/crti.o
 .ARM.attributes
                0x000000000000001e       0x34 c:/st/stm32cubeide_1.8.0/stm32cubeide/plugins/com.st.stm32cube.ide.mcu.externaltools.gnu-tools-for-stm32.9-2020-q2-update.win32_2.0.0.202105311346/tools/bin/../lib/gcc/arm-none-eabi/9.3.1/thumb/v7e-m+fp/hard/crtbegin.o
 .ARM.attributes
                0x0000000000000052       0x34 ./Application/app_main.o
 .ARM.attributes
                0x0000000000000086       0x34 ./Core/Src/main.o
 .ARM.attributes
                0x00000000000000ba       0x34 ./Core/Src/stm32f4xx_hal_msp.o
 .ARM.attributes
                0x00000000000000ee       0x34 ./Core/Src/stm32f4xx_it.o
 .ARM.attributes
                0x0000000000000122       0x34 ./Core/Src/system_stm32f4xx.o
 .ARM.attributes
                0x0000000000000156       0x21 ./Core/Startup/startup_stm32f411ceux.o
 .ARM.attributes
                0x0000000000000177       0x34 ./Drivers/STM32F4xx_HAL_Driver/Src/stm32f4xx_hal.o
 .ARM.attributes
                0x00000000000001ab       0x34 ./Drivers/STM32F4xx_HAL_Driver/Src/stm32f4xx_hal_cortex.o
 .ARM.attributes
                0x00000000000001df       0x34 ./Drivers/STM32F4xx_HAL_Driver/Src/stm32f4xx_hal_gpio.o
 .ARM.attributes
                0x0000000000000213       0x34 ./Drivers/STM32F4xx_HAL_Driver/Src/stm32f4xx_hal_rcc.o
 .ARM.attributes
                0x0000000000000247       0x34 ./Drivers/STM32F4xx_HAL_Driver/Src/stm32f4xx_hal_spi.o
 .ARM.attributes
                0x000000000000027b       0x34 ./stm32f4/nRF24L01_PL/src/nrf24_lower_api_stm32.o
 .ARM.attributes
                0x00000000000002af       0x34 ./stm32f4/nRF24L01_PL/src/nrf24_upper_api.o
 .ARM.attributes
                0x00000000000002e3       0x34 c:/st/stm32cubeide_1.8.0/stm32cubeide/plugins/com.st.stm32cube.ide.mcu.externaltools.gnu-tools-for-stm32.9-2020-q2-update.win32_2.0.0.202105311346/tools/bin/../lib/gcc/arm-none-eabi/9.3.1/../../../../arm-none-eabi/lib/thumb/v7e-m+fp/hard\libc_nano.a(lib_a-init.o)
 .ARM.attributes
                0x0000000000000317       0x34 c:/st/stm32cubeide_1.8.0/stm32cubeide/plugins/com.st.stm32cube.ide.mcu.externaltools.gnu-tools-for-stm32.9-2020-q2-update.win32_2.0.0.202105311346/tools/bin/../lib/gcc/arm-none-eabi/9.3.1/../../../../arm-none-eabi/lib/thumb/v7e-m+fp/hard\libc_nano.a(lib_a-memset.o)
 .ARM.attributes
                0x000000000000034b       0x1e c:/st/stm32cubeide_1.8.0/stm32cubeide/plugins/com.st.stm32cube.ide.mcu.externaltools.gnu-tools-for-stm32.9-2020-q2-update.win32_2.0.0.202105311346/tools/bin/../lib/gcc/arm-none-eabi/9.3.1/thumb/v7e-m+fp/hard\libgcc.a(_aeabi_uldivmod.o)
 .ARM.attributes
                0x0000000000000369       0x34 c:/st/stm32cubeide_1.8.0/stm32cubeide/plugins/com.st.stm32cube.ide.mcu.externaltools.gnu-tools-for-stm32.9-2020-q2-update.win32_2.0.0.202105311346/tools/bin/../lib/gcc/arm-none-eabi/9.3.1/thumb/v7e-m+fp/hard\libgcc.a(_udivmoddi4.o)
 .ARM.attributes
                0x000000000000039d       0x1e c:/st/stm32cubeide_1.8.0/stm32cubeide/plugins/com.st.stm32cube.ide.mcu.externaltools.gnu-tools-for-stm32.9-2020-q2-update.win32_2.0.0.202105311346/tools/bin/../lib/gcc/arm-none-eabi/9.3.1/thumb/v7e-m+fp/hard\libgcc.a(_dvmd_tls.o)
 .ARM.attributes
                0x00000000000003bb       0x1e c:/st/stm32cubeide_1.8.0/stm32cubeide/plugins/com.st.stm32cube.ide.mcu.externaltools.gnu-tools-for-stm32.9-2020-q2-update.win32_2.0.0.202105311346/tools/bin/../lib/gcc/arm-none-eabi/9.3.1/thumb/v7e-m+fp/hard/crtn.o
OUTPUT(da_nrf_blade.elf elf32-littlearm)
LOAD linker stubs
LOAD c:/st/stm32cubeide_1.8.0/stm32cubeide/plugins/com.st.stm32cube.ide.mcu.externaltools.gnu-tools-for-stm32.9-2020-q2-update.win32_2.0.0.202105311346/tools/bin/../lib/gcc/arm-none-eabi/9.3.1/../../../../arm-none-eabi/lib/thumb/v7e-m+fp/hard\libc.a
LOAD c:/st/stm32cubeide_1.8.0/stm32cubeide/plugins/com.st.stm32cube.ide.mcu.externaltools.gnu-tools-for-stm32.9-2020-q2-update.win32_2.0.0.202105311346/tools/bin/../lib/gcc/arm-none-eabi/9.3.1/../../../../arm-none-eabi/lib/thumb/v7e-m+fp/hard\libm.a
LOAD c:/st/stm32cubeide_1.8.0/stm32cubeide/plugins/com.st.stm32cube.ide.mcu.externaltools.gnu-tools-for-stm32.9-2020-q2-update.win32_2.0.0.202105311346/tools/bin/../lib/gcc/arm-none-eabi/9.3.1/thumb/v7e-m+fp/hard\libgcc.a

.debug_info     0x0000000000000000     0x96d9
 .debug_info    0x0000000000000000     0x14fe ./Application/app_main.o
 .debug_info    0x00000000000014fe      0xc7c ./Core/Src/main.o
 .debug_info    0x000000000000217a      0xa74 ./Core/Src/stm32f4xx_hal_msp.o
 .debug_info    0x0000000000002bee      0x222 ./Core/Src/stm32f4xx_it.o
 .debug_info    0x0000000000002e10      0x5d0 ./Core/Src/system_stm32f4xx.o
 .debug_info    0x00000000000033e0       0x22 ./Core/Startup/startup_stm32f411ceux.o
 .debug_info    0x0000000000003402      0x944 ./Drivers/STM32F4xx_HAL_Driver/Src/stm32f4xx_hal.o
 .debug_info    0x0000000000003d46      0xe47 ./Drivers/STM32F4xx_HAL_Driver/Src/stm32f4xx_hal_cortex.o
 .debug_info    0x0000000000004b8d      0x862 ./Drivers/STM32F4xx_HAL_Driver/Src/stm32f4xx_hal_gpio.o
 .debug_info    0x00000000000053ef      0x9be ./Drivers/STM32F4xx_HAL_Driver/Src/stm32f4xx_hal_rcc.o
 .debug_info    0x0000000000005dad     0x17b8 ./Drivers/STM32F4xx_HAL_Driver/Src/stm32f4xx_hal_spi.o
 .debug_info    0x0000000000007565     0x173e ./stm32f4/nRF24L01_PL/src/nrf24_lower_api_stm32.o
 .debug_info    0x0000000000008ca3      0xa36 ./stm32f4/nRF24L01_PL/src/nrf24_upper_api.o

.debug_abbrev   0x0000000000000000     0x1805
 .debug_abbrev  0x0000000000000000      0x222 ./Application/app_main.o
 .debug_abbrev  0x0000000000000222      0x23a ./Core/Src/main.o
 .debug_abbrev  0x000000000000045c      0x1ac ./Core/Src/stm32f4xx_hal_msp.o
 .debug_abbrev  0x0000000000000608       0xd2 ./Core/Src/stm32f4xx_it.o
 .debug_abbrev  0x00000000000006da      0x145 ./Core/Src/system_stm32f4xx.o
 .debug_abbrev  0x000000000000081f       0x12 ./Core/Startup/startup_stm32f411ceux.o
 .debug_abbrev  0x0000000000000831      0x21e ./Drivers/STM32F4xx_HAL_Driver/Src/stm32f4xx_hal.o
 .debug_abbrev  0x0000000000000a4f      0x33c ./Drivers/STM32F4xx_HAL_Driver/Src/stm32f4xx_hal_cortex.o
 .debug_abbrev  0x0000000000000d8b      0x1f1 ./Drivers/STM32F4xx_HAL_Driver/Src/stm32f4xx_hal_gpio.o
 .debug_abbrev  0x0000000000000f7c      0x275 ./Drivers/STM32F4xx_HAL_Driver/Src/stm32f4xx_hal_rcc.o
 .debug_abbrev  0x00000000000011f1      0x26e ./Drivers/STM32F4xx_HAL_Driver/Src/stm32f4xx_hal_spi.o
 .debug_abbrev  0x000000000000145f      0x238 ./stm32f4/nRF24L01_PL/src/nrf24_lower_api_stm32.o
 .debug_abbrev  0x0000000000001697      0x16e ./stm32f4/nRF24L01_PL/src/nrf24_upper_api.o

.debug_aranges  0x0000000000000000      0x750
 .debug_aranges
                0x0000000000000000       0x20 ./Application/app_main.o
 .debug_aranges
                0x0000000000000020       0x40 ./Core/Src/main.o
 .debug_aranges
                0x0000000000000060       0x30 ./Core/Src/stm32f4xx_hal_msp.o
 .debug_aranges
                0x0000000000000090       0x60 ./Core/Src/stm32f4xx_it.o
 .debug_aranges
                0x00000000000000f0       0x28 ./Core/Src/system_stm32f4xx.o
 .debug_aranges
                0x0000000000000118       0x28 ./Core/Startup/startup_stm32f411ceux.o
 .debug_aranges
                0x0000000000000140       0xf0 ./Drivers/STM32F4xx_HAL_Driver/Src/stm32f4xx_hal.o
 .debug_aranges
                0x0000000000000230      0x118 ./Drivers/STM32F4xx_HAL_Driver/Src/stm32f4xx_hal_cortex.o
 .debug_aranges
                0x0000000000000348       0x58 ./Drivers/STM32F4xx_HAL_Driver/Src/stm32f4xx_hal_gpio.o
 .debug_aranges
                0x00000000000003a0       0x88 ./Drivers/STM32F4xx_HAL_Driver/Src/stm32f4xx_hal_rcc.o
 .debug_aranges
                0x0000000000000428      0x1d0 ./Drivers/STM32F4xx_HAL_Driver/Src/stm32f4xx_hal_spi.o
 .debug_aranges
                0x00000000000005f8       0xa0 ./stm32f4/nRF24L01_PL/src/nrf24_lower_api_stm32.o
 .debug_aranges
                0x0000000000000698       0xb8 ./stm32f4/nRF24L01_PL/src/nrf24_upper_api.o

.debug_ranges   0x0000000000000000      0x688
 .debug_ranges  0x0000000000000000       0x10 ./Application/app_main.o
 .debug_ranges  0x0000000000000010       0x30 ./Core/Src/main.o
 .debug_ranges  0x0000000000000040       0x20 ./Core/Src/stm32f4xx_hal_msp.o
 .debug_ranges  0x0000000000000060       0x50 ./Core/Src/stm32f4xx_it.o
 .debug_ranges  0x00000000000000b0       0x18 ./Core/Src/system_stm32f4xx.o
 .debug_ranges  0x00000000000000c8       0x20 ./Core/Startup/startup_stm32f411ceux.o
 .debug_ranges  0x00000000000000e8       0xe0 ./Drivers/STM32F4xx_HAL_Driver/Src/stm32f4xx_hal.o
 .debug_ranges  0x00000000000001c8      0x108 ./Drivers/STM32F4xx_HAL_Driver/Src/stm32f4xx_hal_cortex.o
 .debug_ranges  0x00000000000002d0       0x48 ./Drivers/STM32F4xx_HAL_Driver/Src/stm32f4xx_hal_gpio.o
 .debug_ranges  0x0000000000000318       0x78 ./Drivers/STM32F4xx_HAL_Driver/Src/stm32f4xx_hal_rcc.o
 .debug_ranges  0x0000000000000390      0x1c0 ./Drivers/STM32F4xx_HAL_Driver/Src/stm32f4xx_hal_spi.o
 .debug_ranges  0x0000000000000550       0x90 ./stm32f4/nRF24L01_PL/src/nrf24_lower_api_stm32.o
 .debug_ranges  0x00000000000005e0       0xa8 ./stm32f4/nRF24L01_PL/src/nrf24_upper_api.o

.debug_macro    0x0000000000000000    0x15f28
 .debug_macro   0x0000000000000000      0x3bd ./Application/app_main.o
 .debug_macro   0x00000000000003bd      0xaa8 ./Application/app_main.o
 .debug_macro   0x0000000000000e65       0x22 ./Application/app_main.o
 .debug_macro   0x0000000000000e87       0x22 ./Application/app_main.o
 .debug_macro   0x0000000000000ea9       0x8e ./Application/app_main.o
 .debug_macro   0x0000000000000f37       0x51 ./Application/app_main.o
 .debug_macro   0x0000000000000f88      0x103 ./Application/app_main.o
 .debug_macro   0x000000000000108b       0x6a ./Application/app_main.o
 .debug_macro   0x00000000000010f5      0x1df ./Application/app_main.o
 .debug_macro   0x00000000000012d4      0x295 ./Application/app_main.o
 .debug_macro   0x0000000000001569       0x2e ./Application/app_main.o
 .debug_macro   0x0000000000001597       0x28 ./Application/app_main.o
 .debug_macro   0x00000000000015bf       0x1c ./Application/app_main.o
 .debug_macro   0x00000000000015db       0x22 ./Application/app_main.o
 .debug_macro   0x00000000000015fd       0xdf ./Application/app_main.o
 .debug_macro   0x00000000000016dc     0x102d ./Application/app_main.o
 .debug_macro   0x0000000000002709      0x11f ./Application/app_main.o
 .debug_macro   0x0000000000002828     0xb953 ./Application/app_main.o
 .debug_macro   0x000000000000e17b       0x6d ./Application/app_main.o
 .debug_macro   0x000000000000e1e8     0x3666 ./Application/app_main.o
 .debug_macro   0x000000000001184e      0x174 ./Application/app_main.o
 .debug_macro   0x00000000000119c2       0x5c ./Application/app_main.o
 .debug_macro   0x0000000000011a1e      0x447 ./Application/app_main.o
 .debug_macro   0x0000000000011e65      0x9fe ./Application/app_main.o
 .debug_macro   0x0000000000012863      0x116 ./Application/app_main.o
 .debug_macro   0x0000000000012979      0x11b ./Application/app_main.o
 .debug_macro   0x0000000000012a94       0xa5 ./Application/app_main.o
 .debug_macro   0x0000000000012b39      0x15f ./Application/app_main.o
 .debug_macro   0x0000000000012c98      0x287 ./Application/app_main.o
 .debug_macro   0x0000000000012f1f       0x5f ./Application/app_main.o
 .debug_macro   0x0000000000012f7e      0x236 ./Application/app_main.o
 .debug_macro   0x00000000000131b4      0x132 ./Application/app_main.o
 .debug_macro   0x00000000000132e6      0x264 ./Application/app_main.o
 .debug_macro   0x000000000001354a       0x2e ./Application/app_main.o
 .debug_macro   0x0000000000013578      0x11a ./Application/app_main.o
 .debug_macro   0x0000000000013692       0x85 ./Application/app_main.o
 .debug_macro   0x0000000000013717       0x89 ./Application/app_main.o
 .debug_macro   0x00000000000137a0      0x225 ./Application/app_main.o
 .debug_macro   0x00000000000139c5      0x126 ./Application/app_main.o
 .debug_macro   0x0000000000013aeb       0x52 ./Application/app_main.o
 .debug_macro   0x0000000000013b3d       0x18 ./Application/app_main.o
 .debug_macro   0x0000000000013b55       0x3c ./Application/app_main.o
 .debug_macro   0x0000000000013b91       0x34 ./Application/app_main.o
 .debug_macro   0x0000000000013bc5       0x16 ./Application/app_main.o
 .debug_macro   0x0000000000013bdb       0x35 ./Application/app_main.o
 .debug_macro   0x0000000000013c10      0x333 ./Application/app_main.o
 .debug_macro   0x0000000000013f43       0x10 ./Application/app_main.o
 .debug_macro   0x0000000000013f53       0x16 ./Application/app_main.o
 .debug_macro   0x0000000000013f69       0x43 ./Application/app_main.o
 .debug_macro   0x0000000000013fac       0x34 ./Application/app_main.o
 .debug_macro   0x0000000000013fe0       0x10 ./Application/app_main.o
 .debug_macro   0x0000000000013ff0       0x58 ./Application/app_main.o
 .debug_macro   0x0000000000014048       0x71 ./Application/app_main.o
 .debug_macro   0x00000000000140b9       0x1c ./Application/app_main.o
 .debug_macro   0x00000000000140d5      0x12a ./Application/app_main.o
 .debug_macro   0x00000000000141ff       0x10 ./Application/app_main.o
 .debug_macro   0x000000000001420f       0x1c ./Application/app_main.o
 .debug_macro   0x000000000001422b       0x52 ./Application/app_main.o
 .debug_macro   0x000000000001427d       0x22 ./Application/app_main.o
 .debug_macro   0x000000000001429f       0x10 ./Application/app_main.o
 .debug_macro   0x00000000000142af       0x40 ./Application/app_main.o
 .debug_macro   0x00000000000142ef       0xd5 ./Application/app_main.o
 .debug_macro   0x00000000000143c4       0x1c ./Application/app_main.o
 .debug_macro   0x00000000000143e0       0x3d ./Application/app_main.o
 .debug_macro   0x000000000001441d       0x16 ./Application/app_main.o
 .debug_macro   0x0000000000014433      0x145 ./Application/app_main.o
 .debug_macro   0x0000000000014578       0x16 ./Application/app_main.o
 .debug_macro   0x000000000001458e       0x20 ./Application/app_main.o
 .debug_macro   0x00000000000145ae      0x1a9 ./Application/app_main.o
 .debug_macro   0x0000000000014757      0x1b4 ./Application/app_main.o
 .debug_macro   0x000000000001490b       0x22 ./Application/app_main.o
 .debug_macro   0x000000000001492d      0x1c9 ./Core/Src/main.o
 .debug_macro   0x0000000000014af6       0x1c ./Core/Src/main.o
 .debug_macro   0x0000000000014b12      0x1c9 ./Core/Src/stm32f4xx_hal_msp.o
 .debug_macro   0x0000000000014cdb      0x1d3 ./Core/Src/stm32f4xx_it.o
 .debug_macro   0x0000000000014eae      0x1ba ./Core/Src/system_stm32f4xx.o
 .debug_macro   0x0000000000015068      0x21a ./Drivers/STM32F4xx_HAL_Driver/Src/stm32f4xx_hal.o
 .debug_macro   0x0000000000015282      0x1ba ./Drivers/STM32F4xx_HAL_Driver/Src/stm32f4xx_hal_cortex.o
 .debug_macro   0x000000000001543c      0x1c0 ./Drivers/STM32F4xx_HAL_Driver/Src/stm32f4xx_hal_gpio.o
 .debug_macro   0x00000000000155fc      0x1de ./Drivers/STM32F4xx_HAL_Driver/Src/stm32f4xx_hal_rcc.o
 .debug_macro   0x00000000000157da      0x1c9 ./Drivers/STM32F4xx_HAL_Driver/Src/stm32f4xx_hal_spi.o
 .debug_macro   0x00000000000159a3      0x385 ./stm32f4/nRF24L01_PL/src/nrf24_lower_api_stm32.o
 .debug_macro   0x0000000000015d28      0x200 ./stm32f4/nRF24L01_PL/src/nrf24_upper_api.o

.debug_line     0x0000000000000000     0x8998
 .debug_line    0x0000000000000000      0xa28 ./Application/app_main.o
 .debug_line    0x0000000000000a28      0x77c ./Core/Src/main.o
 .debug_line    0x00000000000011a4      0x6e1 ./Core/Src/stm32f4xx_hal_msp.o
 .debug_line    0x0000000000001885      0x757 ./Core/Src/stm32f4xx_it.o
 .debug_line    0x0000000000001fdc      0x716 ./Core/Src/system_stm32f4xx.o
 .debug_line    0x00000000000026f2       0x88 ./Core/Startup/startup_stm32f411ceux.o
 .debug_line    0x000000000000277a      0x97c ./Drivers/STM32F4xx_HAL_Driver/Src/stm32f4xx_hal.o
 .debug_line    0x00000000000030f6      0xc2b ./Drivers/STM32F4xx_HAL_Driver/Src/stm32f4xx_hal_cortex.o
 .debug_line    0x0000000000003d21      0xab6 ./Drivers/STM32F4xx_HAL_Driver/Src/stm32f4xx_hal_gpio.o
 .debug_line    0x00000000000047d7      0xcf6 ./Drivers/STM32F4xx_HAL_Driver/Src/stm32f4xx_hal_rcc.o
 .debug_line    0x00000000000054cd     0x1c04 ./Drivers/STM32F4xx_HAL_Driver/Src/stm32f4xx_hal_spi.o
 .debug_line    0x00000000000070d1      0xca4 ./stm32f4/nRF24L01_PL/src/nrf24_lower_api_stm32.o
 .debug_line    0x0000000000007d75      0xc23 ./stm32f4/nRF24L01_PL/src/nrf24_upper_api.o

.debug_str      0x0000000000000000    0x8695e
 .debug_str     0x0000000000000000    0x849be ./Application/app_main.o
                                      0x84dc2 (size before relaxing)
 .debug_str     0x00000000000849be      0x2dd ./Core/Src/main.o
                                      0x7f8ff (size before relaxing)
 .debug_str     0x0000000000084c9b       0x4e ./Core/Src/stm32f4xx_hal_msp.o
                                      0x7f786 (size before relaxing)
 .debug_str     0x0000000000084ce9       0xbd ./Core/Src/stm32f4xx_it.o
                                      0x7f237 (size before relaxing)
 .debug_str     0x0000000000084da6       0xaf ./Core/Src/system_stm32f4xx.o
                                      0x7f2d3 (size before relaxing)
 .debug_str     0x0000000000084e55       0x36 ./Core/Startup/startup_stm32f411ceux.o
                                         0x71 (size before relaxing)
 .debug_str     0x0000000000084e8b      0x90f ./Drivers/STM32F4xx_HAL_Driver/Src/stm32f4xx_hal.o
                                      0x7fc5d (size before relaxing)
 .debug_str     0x000000000008579a      0x399 ./Drivers/STM32F4xx_HAL_Driver/Src/stm32f4xx_hal_cortex.o
                                      0x7fa3a (size before relaxing)
 .debug_str     0x0000000000085b33      0x15f ./Drivers/STM32F4xx_HAL_Driver/Src/stm32f4xx_hal_gpio.o
                                      0x7f47a (size before relaxing)
 .debug_str     0x0000000000085c92      0x24e ./Drivers/STM32F4xx_HAL_Driver/Src/stm32f4xx_hal_rcc.o
                                      0x7f6d5 (size before relaxing)
 .debug_str     0x0000000000085ee0      0x57f ./Drivers/STM32F4xx_HAL_Driver/Src/stm32f4xx_hal_spi.o
                                      0x7fb65 (size before relaxing)
 .debug_str     0x000000000008645f      0x25d ./stm32f4/nRF24L01_PL/src/nrf24_lower_api_stm32.o
                                      0x842d0 (size before relaxing)
 .debug_str     0x00000000000866bc      0x2a2 ./stm32f4/nRF24L01_PL/src/nrf24_upper_api.o
                                      0x8002d (size before relaxing)

.comment        0x0000000000000000       0x53
 .comment       0x0000000000000000       0x53 ./Application/app_main.o
                                         0x54 (size before relaxing)
 .comment       0x0000000000000053       0x54 ./Core/Src/main.o
 .comment       0x0000000000000053       0x54 ./Core/Src/stm32f4xx_hal_msp.o
 .comment       0x0000000000000053       0x54 ./Core/Src/stm32f4xx_it.o
 .comment       0x0000000000000053       0x54 ./Core/Src/system_stm32f4xx.o
 .comment       0x0000000000000053       0x54 ./Drivers/STM32F4xx_HAL_Driver/Src/stm32f4xx_hal.o
 .comment       0x0000000000000053       0x54 ./Drivers/STM32F4xx_HAL_Driver/Src/stm32f4xx_hal_cortex.o
 .comment       0x0000000000000053       0x54 ./Drivers/STM32F4xx_HAL_Driver/Src/stm32f4xx_hal_gpio.o
 .comment       0x0000000000000053       0x54 ./Drivers/STM32F4xx_HAL_Driver/Src/stm32f4xx_hal_rcc.o
 .comment       0x0000000000000053       0x54 ./Drivers/STM32F4xx_HAL_Driver/Src/stm32f4xx_hal_spi.o
 .comment       0x0000000000000053       0x54 ./stm32f4/nRF24L01_PL/src/nrf24_lower_api_stm32.o
 .comment       0x0000000000000053       0x54 ./stm32f4/nRF24L01_PL/src/nrf24_upper_api.o

.debug_frame    0x0000000000000000     0x1c24
 .debug_frame   0x0000000000000000       0x30 ./Application/app_main.o
 .debug_frame   0x0000000000000030       0xa8 ./Core/Src/main.o
 .debug_frame   0x00000000000000d8       0x80 ./Core/Src/stm32f4xx_hal_msp.o
 .debug_frame   0x0000000000000158      0x104 ./Core/Src/stm32f4xx_it.o
 .debug_frame   0x000000000000025c       0x58 ./Core/Src/system_stm32f4xx.o
 .debug_frame   0x00000000000002b4      0x374 ./Drivers/STM32F4xx_HAL_Driver/Src/stm32f4xx_hal.o
 .debug_frame   0x0000000000000628      0x498 ./Drivers/STM32F4xx_HAL_Driver/Src/stm32f4xx_hal_cortex.o
 .debug_frame   0x0000000000000ac0      0x14c ./Drivers/STM32F4xx_HAL_Driver/Src/stm32f4xx_hal_gpio.o
 .debug_frame   0x0000000000000c0c      0x1ec ./Drivers/STM32F4xx_HAL_Driver/Src/stm32f4xx_hal_rcc.o
 .debug_frame   0x0000000000000df8      0x824 ./Drivers/STM32F4xx_HAL_Driver/Src/stm32f4xx_hal_spi.o
 .debug_frame   0x000000000000161c      0x27c ./stm32f4/nRF24L01_PL/src/nrf24_lower_api_stm32.o
 .debug_frame   0x0000000000001898      0x2e0 ./stm32f4/nRF24L01_PL/src/nrf24_upper_api.o
 .debug_frame   0x0000000000001b78       0x2c c:/st/stm32cubeide_1.8.0/stm32cubeide/plugins/com.st.stm32cube.ide.mcu.externaltools.gnu-tools-for-stm32.9-2020-q2-update.win32_2.0.0.202105311346/tools/bin/../lib/gcc/arm-none-eabi/9.3.1/../../../../arm-none-eabi/lib/thumb/v7e-m+fp/hard\libc_nano.a(lib_a-init.o)
 .debug_frame   0x0000000000001ba4       0x20 c:/st/stm32cubeide_1.8.0/stm32cubeide/plugins/com.st.stm32cube.ide.mcu.externaltools.gnu-tools-for-stm32.9-2020-q2-update.win32_2.0.0.202105311346/tools/bin/../lib/gcc/arm-none-eabi/9.3.1/../../../../arm-none-eabi/lib/thumb/v7e-m+fp/hard\libc_nano.a(lib_a-memset.o)
 .debug_frame   0x0000000000001bc4       0x2c c:/st/stm32cubeide_1.8.0/stm32cubeide/plugins/com.st.stm32cube.ide.mcu.externaltools.gnu-tools-for-stm32.9-2020-q2-update.win32_2.0.0.202105311346/tools/bin/../lib/gcc/arm-none-eabi/9.3.1/thumb/v7e-m+fp/hard\libgcc.a(_aeabi_uldivmod.o)
 .debug_frame   0x0000000000001bf0       0x34 c:/st/stm32cubeide_1.8.0/stm32cubeide/plugins/com.st.stm32cube.ide.mcu.externaltools.gnu-tools-for-stm32.9-2020-q2-update.win32_2.0.0.202105311346/tools/bin/../lib/gcc/arm-none-eabi/9.3.1/thumb/v7e-m+fp/hard\libgcc.a(_udivmoddi4.o)
