Archive member included to satisfy reference by file (symbol)

c:/st/stm32cubeide_1.8.0/stm32cubeide/plugins/com.st.stm32cube.ide.mcu.externaltools.gnu-tools-for-stm32.9-2020-q2-update.win32_2.0.0.202105311346/tools/bin/../lib/gcc/arm-none-eabi/9.3.1/../../../../arm-none-eabi/lib/thumb/v7e-m+fp/hard\libc_nano.a(lib_a-ctype_.o)
                              ./stm32f4/ATGM336H/minmea/minmea.o (_ctype_)
c:/st/stm32cubeide_1.8.0/stm32cubeide/plugins/com.st.stm32cube.ide.mcu.externaltools.gnu-tools-for-stm32.9-2020-q2-update.win32_2.0.0.202105311346/tools/bin/../lib/gcc/arm-none-eabi/9.3.1/../../../../arm-none-eabi/lib/thumb/v7e-m+fp/hard\libc_nano.a(lib_a-errno.o)
                              ./Core/Src/syscalls.o (__errno)
c:/st/stm32cubeide_1.8.0/stm32cubeide/plugins/com.st.stm32cube.ide.mcu.externaltools.gnu-tools-for-stm32.9-2020-q2-update.win32_2.0.0.202105311346/tools/bin/../lib/gcc/arm-none-eabi/9.3.1/../../../../arm-none-eabi/lib/thumb/v7e-m+fp/hard\libc_nano.a(lib_a-exit.o)
                              c:/st/stm32cubeide_1.8.0/stm32cubeide/plugins/com.st.stm32cube.ide.mcu.externaltools.gnu-tools-for-stm32.9-2020-q2-update.win32_2.0.0.202105311346/tools/bin/../lib/gcc/arm-none-eabi/9.3.1/../../../../arm-none-eabi/lib/thumb/v7e-m+fp/hard/crt0.o (exit)
c:/st/stm32cubeide_1.8.0/stm32cubeide/plugins/com.st.stm32cube.ide.mcu.externaltools.gnu-tools-for-stm32.9-2020-q2-update.win32_2.0.0.202105311346/tools/bin/../lib/gcc/arm-none-eabi/9.3.1/../../../../arm-none-eabi/lib/thumb/v7e-m+fp/hard\libc_nano.a(lib_a-impure.o)
                              c:/st/stm32cubeide_1.8.0/stm32cubeide/plugins/com.st.stm32cube.ide.mcu.externaltools.gnu-tools-for-stm32.9-2020-q2-update.win32_2.0.0.202105311346/tools/bin/../lib/gcc/arm-none-eabi/9.3.1/../../../../arm-none-eabi/lib/thumb/v7e-m+fp/hard\libc_nano.a(lib_a-exit.o) (_global_impure_ptr)
c:/st/stm32cubeide_1.8.0/stm32cubeide/plugins/com.st.stm32cube.ide.mcu.externaltools.gnu-tools-for-stm32.9-2020-q2-update.win32_2.0.0.202105311346/tools/bin/../lib/gcc/arm-none-eabi/9.3.1/../../../../arm-none-eabi/lib/thumb/v7e-m+fp/hard\libc_nano.a(lib_a-init.o)
                              c:/st/stm32cubeide_1.8.0/stm32cubeide/plugins/com.st.stm32cube.ide.mcu.externaltools.gnu-tools-for-stm32.9-2020-q2-update.win32_2.0.0.202105311346/tools/bin/../lib/gcc/arm-none-eabi/9.3.1/../../../../arm-none-eabi/lib/thumb/v7e-m+fp/hard/crt0.o (__libc_init_array)
c:/st/stm32cubeide_1.8.0/stm32cubeide/plugins/com.st.stm32cube.ide.mcu.externaltools.gnu-tools-for-stm32.9-2020-q2-update.win32_2.0.0.202105311346/tools/bin/../lib/gcc/arm-none-eabi/9.3.1/../../../../arm-none-eabi/lib/thumb/v7e-m+fp/hard\libc_nano.a(lib_a-memcpy-stub.o)
                              ./stm32f4/ATGM336H/minmea/minmea.o (memcpy)
c:/st/stm32cubeide_1.8.0/stm32cubeide/plugins/com.st.stm32cube.ide.mcu.externaltools.gnu-tools-for-stm32.9-2020-q2-update.win32_2.0.0.202105311346/tools/bin/../lib/gcc/arm-none-eabi/9.3.1/../../../../arm-none-eabi/lib/thumb/v7e-m+fp/hard\libc_nano.a(lib_a-memset.o)
                              c:/st/stm32cubeide_1.8.0/stm32cubeide/plugins/com.st.stm32cube.ide.mcu.externaltools.gnu-tools-for-stm32.9-2020-q2-update.win32_2.0.0.202105311346/tools/bin/../lib/gcc/arm-none-eabi/9.3.1/../../../../arm-none-eabi/lib/thumb/v7e-m+fp/hard/crt0.o (memset)
c:/st/stm32cubeide_1.8.0/stm32cubeide/plugins/com.st.stm32cube.ide.mcu.externaltools.gnu-tools-for-stm32.9-2020-q2-update.win32_2.0.0.202105311346/tools/bin/../lib/gcc/arm-none-eabi/9.3.1/../../../../arm-none-eabi/lib/thumb/v7e-m+fp/hard\libc_nano.a(lib_a-strcmp.o)
                              ./stm32f4/ATGM336H/minmea/minmea.o (strcmp)
c:/st/stm32cubeide_1.8.0/stm32cubeide/plugins/com.st.stm32cube.ide.mcu.externaltools.gnu-tools-for-stm32.9-2020-q2-update.win32_2.0.0.202105311346/tools/bin/../lib/gcc/arm-none-eabi/9.3.1/../../../../arm-none-eabi/lib/thumb/v7e-m+fp/hard\libc_nano.a(lib_a-strlen.o)
                              ./stm32f4/ATGM336H/minmea/minmea.o (strlen)
c:/st/stm32cubeide_1.8.0/stm32cubeide/plugins/com.st.stm32cube.ide.mcu.externaltools.gnu-tools-for-stm32.9-2020-q2-update.win32_2.0.0.202105311346/tools/bin/../lib/gcc/arm-none-eabi/9.3.1/../../../../arm-none-eabi/lib/thumb/v7e-m+fp/hard\libc_nano.a(lib_a-strtol.o)
                              ./stm32f4/ATGM336H/minmea/minmea.o (strtol)
c:/st/stm32cubeide_1.8.0/stm32cubeide/plugins/com.st.stm32cube.ide.mcu.externaltools.gnu-tools-for-stm32.9-2020-q2-update.win32_2.0.0.202105311346/tools/bin/../lib/gcc/arm-none-eabi/9.3.1/thumb/v7e-m+fp/hard\libgcc.a(_arm_muldf3.o)
                              ./stm32f4/BME280/src/bme280.o (__aeabi_dmul)
c:/st/stm32cubeide_1.8.0/stm32cubeide/plugins/com.st.stm32cube.ide.mcu.externaltools.gnu-tools-for-stm32.9-2020-q2-update.win32_2.0.0.202105311346/tools/bin/../lib/gcc/arm-none-eabi/9.3.1/thumb/v7e-m+fp/hard\libgcc.a(_arm_addsubdf3.o)
                              ./stm32f4/BME280/src/bme280.o (__aeabi_dsub)
[...]
Memory Configuration

Name             Origin             Length             Attributes
RAM              0x0000000020000000 0x0000000000020000 xrw
FLASH            0x0000000008000000 0x0000000000080000 xr
*default*        0x0000000000000000 0xffffffffffffffff

Linker script and memory map

LOAD c:/st/stm32cubeide_1.8.0/stm32cubeide/plugins/com.st.stm32cube.ide.mcu.externaltools.gnu-tools-for-stm32.9-2020-q2-update.win32_2.0.0.202105311346/tools/bin/../lib/gcc/arm-none-eabi/9.3.1/thumb/v7e-m+fp/hard/crti.o
LOAD c:/st/stm32cubeide_1.8.0/stm32cubeide/plugins/com.st.stm32cube.ide.mcu.externaltools.gnu-tools-for-stm32.9-2020-q2-update.win32_2.0.0.202105311346/tools/bin/../lib/gcc/arm-none-eabi/9.3.1/thumb/v7e-m+fp/hard/crtbegin.o
LOAD c:/st/stm32cubeide_1.8.0/stm32cubeide/plugins/com.st.stm32cube.ide.mcu.externaltools.gnu-tools-for-stm32.9-2020-q2-update.win32_2.0.0.202105311346/tools/bin/../lib/gcc/arm-none-eabi/9.3.1/../../../../arm-none-eabi/lib/thumb/v7e-m+fp/hard/crt0.o
LOAD ./Application/app_main.o
LOAD ./Core/Src/main.o
LOAD ./Core/Src/stm32f4xx_hal_msp.o
LOAD ./Core/Src/stm32f4xx_it.o
LOAD ./Core/Src/syscalls.o
LOAD ./Core/Src/sysmem.o
LOAD ./Core/Src/system_stm32f4xx.o
LOAD ./Core/Startup/startup_stm32f411ceux.o
LOAD ./Drivers/STM32F4xx_HAL_Driver/Src/stm32f4xx_hal.o
LOAD ./Drivers/STM32F4xx_HAL_Driver/Src/stm32f4xx_hal_cortex.o
LOAD ./Drivers/STM32F4xx_HAL_Driver/Src/stm32f4xx_hal_dma.o
LOAD ./Drivers/STM32F4xx_HAL_Driver/Src/stm32f4xx_hal_dma_ex.o
LOAD ./Drivers/STM32F4xx_HAL_Driver/Src/stm32f4xx_hal_exti.o
LOAD ./Drivers/STM32F4xx_HAL_Driver/Src/stm32f4xx_hal_flash.o
LOAD ./Drivers/STM32F4xx_HAL_Driver/Src/stm32f4xx_hal_flash_ex.o
LOAD ./Drivers/STM32F4xx_HAL_Driver/Src/stm32f4xx_hal_flash_ramfunc.o
LOAD ./Drivers/STM32F4xx_HAL_Driver/Src/stm32f4xx_hal_gpio.o
LOAD ./Drivers/STM32F4xx_HAL_Driver/Src/stm32f4xx_hal_pwr.o
LOAD ./Drivers/STM32F4xx_HAL_Driver/Src/stm32f4xx_hal_pwr_ex.o
LOAD ./Drivers/STM32F4xx_HAL_Driver/Src/stm32f4xx_hal_rcc.o
LOAD ./Drivers/STM32F4xx_HAL_Driver/Src/stm32f4xx_hal_rcc_ex.o
LOAD ./Drivers/STM32F4xx_HAL_Driver/Src/stm32f4xx_hal_spi.o
LOAD ./Drivers/STM32F4xx_HAL_Driver/Src/stm32f4xx_hal_tim.o
LOAD ./Drivers/STM32F4xx_HAL_Driver/Src/stm32f4xx_hal_tim_ex.o
LOAD ./stm32f4/1Wire_DS18B20/src/one_wire.o
LOAD ./stm32f4/ATGM336H/minmea/example.o
LOAD ./stm32f4/ATGM336H/minmea/minmea.o
LOAD ./stm32f4/ATGM336H/src/nmea_gps.o
LOAD ./stm32f4/BME280/src/DriverForBME280.o
LOAD ./stm32f4/BME280/src/bme280.o
LOAD ./stm32f4/DWT_Delay/src/dwt_delay.o
LOAD ./stm32f4/Dosimeter/src/dosimeter.o
LOAD ./stm32f4/LIS3MDL/src/DLIS3.o
LOAD ./stm32f4/LIS3MDL/src/lis3mdl_reg.o
LOAD ./stm32f4/LSM6DS3/src/DLSM.o
LOAD ./stm32f4/LSM6DS3/src/lsm6ds3_reg.o
LOAD ./stm32f4/Photorezistor/src/photorezistor.o
LOAD ./stm32f4/Shift_Register/src/shift_reg.o
LOAD ./stm32f4/nRF24L01_PL/src/nrf24_lower_api_stm32.o
LOAD ./stm32f4/nRF24L01_PL/src/nrf24_upper_api.o
START GROUP
LOAD c:/st/stm32cubeide_1.8.0/stm32cubeide/plugins/com.st.stm32cube.ide.mcu.externaltools.gnu-tools-for-stm32.9-2020-q2-update.win32_2.0.0.202105311346/tools/bin/../lib/gcc/arm-none-eabi/9.3.1/../../../../arm-none-eabi/lib/thumb/v7e-m+fp/hard\libc_nano.a
LOAD c:/st/stm32cubeide_1.8.0/stm32cubeide/plugins/com.st.stm32cube.ide.mcu.externaltools.gnu-tools-for-stm32.9-2020-q2-update.win32_2.0.0.202105311346/tools/bin/../lib/gcc/arm-none-eabi/9.3.1/../../../../arm-none-eabi/lib/thumb/v7e-m+fp/hard\libm.a
END GROUP
START GROUP
LOAD c:/st/stm32cubeide_1.8.0/stm32cubeide/plugins/com.st.stm32cube.ide.mcu.externaltools.gnu-tools-for-stm32.9-2020-q2-update.win32_2.0.0.202105311346/tools/bin/../lib/gcc/arm-none-eabi/9.3.1/thumb/v7e-m+fp/hard\libgcc.a
LOAD c:/st/stm32cubeide_1.8.0/stm32cubeide/plugins/com.st.stm32cube.ide.mcu.externaltools.gnu-tools-for-stm32.9-2020-q2-update.win32_2.0.0.202105311346/tools/bin/../lib/gcc/arm-none-eabi/9.3.1/../../../../arm-none-eabi/lib/thumb/v7e-m+fp/hard\libc_nano.a
END GROUP
START GROUP
LOAD c:/st/stm32cubeide_1.8.0/stm32cubeide/plugins/com.st.stm32cube.ide.mcu.externaltools.gnu-tools-for-stm32.9-2020-q2-update.win32_2.0.0.202105311346/tools/bin/../lib/gcc/arm-none-eabi/9.3.1/thumb/v7e-m+fp/hard\libgcc.a
LOAD c:/st/stm32cubeide_1.8.0/stm32cubeide/plugins/com.st.stm32cube.ide.mcu.externaltools.gnu-tools-for-stm32.9-2020-q2-update.win32_2.0.0.202105311346/tools/bin/../lib/gcc/arm-none-eabi/9.3.1/../../../../arm-none-eabi/lib/thumb/v7e-m+fp/hard\libc_nano.a
LOAD c:/st/stm32cubeide_1.8.0/stm32cubeide/plugins/com.st.stm32cube.ide.mcu.externaltools.gnu-tools-for-stm32.9-2020-q2-update.win32_2.0.0.202105311346/tools/bin/../lib/gcc/arm-none-eabi/9.3.1/../../../../arm-none-eabi/lib/thumb/v7e-m+fp/hard\libnosys.a
END GROUP
START GROUP
LOAD c:/st/stm32cubeide_1.8.0/stm32cubeide/plugins/com.st.stm32cube.ide.mcu.externaltools.gnu-tools-for-stm32.9-2020-q2-update.win32_2.0.0.202105311346/tools/bin/../lib/gcc/arm-none-eabi/9.3.1/thumb/v7e-m+fp/hard\libgcc.a
LOAD c:/st/stm32cubeide_1.8.0/stm32cubeide/plugins/com.st.stm32cube.ide.mcu.externaltools.gnu-tools-for-stm32.9-2020-q2-update.win32_2.0.0.202105311346/tools/bin/../lib/gcc/arm-none-eabi/9.3.1/../../../../arm-none-eabi/lib/thumb/v7e-m+fp/hard\libc_nano.a
LOAD c:/st/stm32cubeide_1.8.0/stm32cubeide/plugins/com.st.stm32cube.ide.mcu.externaltools.gnu-tools-for-stm32.9-2020-q2-update.win32_2.0.0.202105311346/tools/bin/../lib/gcc/arm-none-eabi/9.3.1/../../../../arm-none-eabi/lib/thumb/v7e-m+fp/hard\libnosys.a
END GROUP
LOAD c:/st/stm32cubeide_1.8.0/stm32cubeide/plugins/com.st.stm32cube.ide.mcu.externaltools.gnu-tools-for-stm32.9-2020-q2-update.win32_2.0.0.202105311346/tools/bin/../lib/gcc/arm-none-eabi/9.3.1/thumb/v7e-m+fp/hard/crtend.o
LOAD c:/st/stm32cubeide_1.8.0/stm32cubeide/plugins/com.st.stm32cube.ide.mcu.externaltools.gnu-tools-for-stm32.9-2020-q2-update.win32_2.0.0.202105311346/tools/bin/../lib/gcc/arm-none-eabi/9.3.1/thumb/v7e-m+fp/hard/crtn.o
                0x0000000020020000                _estack = (ORIGIN (RAM) + LENGTH (RAM))
                0x0000000000000200                _Min_Heap_Size = 0x200
                0x0000000000000400                _Min_Stack_Size = 0x400

.isr_vector     0x0000000008000000      0x198
                0x0000000008000000                . = ALIGN (0x4)
 *(.isr_vector)
 .isr_vector    0x0000000008000000      0x198 ./Core/Startup/startup_stm32f411ceux.o
                0x0000000008000000                g_pfnVectors
                0x0000000008000198                . = ALIGN (0x4)

.text           0x0000000008000198     0x2bfc
                0x0000000008000198                . = ALIGN (0x4)
 *(.text)
 .text          0x0000000008000198       0x40 c:/st/stm32cubeide_1.8.0/stm32cubeide/plugins/com.st.stm32cube.ide.mcu.externaltools.gnu-tools-for-stm32.9-2020-q2-update.win32_2.0.0.202105311346/tools/bin/../lib/gcc/arm-none-eabi/9.3.1/thumb/v7e-m+fp/hard/crtbegin.o
 .text          0x00000000080001d8       0x30 c:/st/stm32cubeide_1.8.0/stm32cubeide/plugins/com.st.stm32cube.ide.mcu.externaltools.gnu-tools-for-stm32.9-2020-q2-update.win32_2.0.0.202105311346/tools/bin/../lib/gcc/arm-none-eabi/9.3.1/thumb/v7e-m+fp/hard\libgcc.a(_aeabi_uldivmod.o)
                0x00000000080001d8                __aeabi_uldivmod
 .text          0x0000000008000208      0x2c4 c:/st/stm32cubeide_1.8.0/stm32cubeide/plugins/com.st.stm32cube.ide.mcu.externaltools.gnu-tools-for-stm32.9-2020-q2-update.win32_2.0.0.202105311346/tools/bin/../lib/gcc/arm-none-eabi/9.3.1/thumb/v7e-m+fp/hard\libgcc.a(_udivmoddi4.o)
                0x0000000008000208                __udivmoddi4
 .text          0x00000000080004cc        0x4 c:/st/stm32cubeide_1.8.0/stm32cubeide/plugins/com.st.stm32cube.ide.mcu.externaltools.gnu-tools-for-stm32.9-2020-q2-update.win32_2.0.0.202105311346/tools/bin/../lib/gcc/arm-none-eabi/9.3.1/thumb/v7e-m+fp/hard\libgcc.a(_dvmd_tls.o)
                0x00000000080004cc                __aeabi_idiv0
                0x00000000080004cc                __aeabi_ldiv0
 *(.text*)
 .text.app_main
                0x00000000080004d0      0x1bc ./Application/app_main.o
                0x00000000080004d0                app_main
 .text.main     0x000000000800068c       0x1a ./Core/Src/main.o
                0x000000000800068c                main
 *fill*         0x00000000080006a6        0x2 
 .text.SystemClock_Config
                0x00000000080006a8       0xbc ./Core/Src/main.o
                0x00000000080006a8                SystemClock_Config
 .text.MX_SPI2_Init
                0x0000000008000764       0x6c ./Core/Src/main.o
 .text.MX_GPIO_Init
                0x00000000080007d0       0xb8 ./Core/Src/main.o
 .text.Error_Handler
                0x0000000008000888        0xa ./Core/Src/main.o
                0x0000000008000888                Error_Handler
 *fill*         0x0000000008000892        0x2 
 .text.HAL_MspInit
                0x0000000008000894       0x50 ./Core/Src/stm32f4xx_hal_msp.o
                0x0000000008000894                HAL_MspInit
 .text.HAL_SPI_MspInit
                0x00000000080008e4       0x90 ./Core/Src/stm32f4xx_hal_msp.o
                0x00000000080008e4                HAL_SPI_MspInit
 .text.NMI_Handler
                0x0000000008000974        0x6 ./Core/Src/stm32f4xx_it.o
                0x0000000008000974                NMI_Handler
 .text.HardFault_Handler
                0x000000000800097a        0x6 ./Core/Src/stm32f4xx_it.o
                0x000000000800097a                HardFault_Handler
 .text.MemManage_Handler
                0x0000000008000980        0x6 ./Core/Src/stm32f4xx_it.o
                0x0000000008000980                MemManage_Handler
 .text.BusFault_Handler
                0x0000000008000986        0x6 ./Core/Src/stm32f4xx_it.o
                0x0000000008000986                BusFault_Handler
 .text.UsageFault_Handler
                0x000000000800098c        0x6 ./Core/Src/stm32f4xx_it.o
                0x000000000800098c                UsageFault_Handler
 .text.SVC_Handler
                0x0000000008000992        0xe ./Core/Src/stm32f4xx_it.o
                0x0000000008000992                SVC_Handler
 .text.DebugMon_Handler
                0x00000000080009a0        0xe ./Core/Src/stm32f4xx_it.o
                0x00000000080009a0                DebugMon_Handler
 .text.PendSV_Handler
                0x00000000080009ae        0xe ./Core/Src/stm32f4xx_it.o
                0x00000000080009ae                PendSV_Handler
 .text.SysTick_Handler
                0x00000000080009bc        0xc ./Core/Src/stm32f4xx_it.o
                0x00000000080009bc                SysTick_Handler
 .text.SystemInit
                0x00000000080009c8       0x24 ./Core/Src/system_stm32f4xx.o
                0x00000000080009c8                SystemInit
 .text.Reset_Handler
                0x00000000080009ec       0x50 ./Core/Startup/startup_stm32f411ceux.o
                0x00000000080009ec                Reset_Handler
 .text.Default_Handler
                0x0000000008000a3c        0x2 ./Core/Startup/startup_stm32f411ceux.o
                0x0000000008000a3c                RTC_Alarm_IRQHandler
                0x0000000008000a3c                EXTI2_IRQHandler
                0x0000000008000a3c                SPI4_IRQHandler
                0x0000000008000a3c                TIM1_CC_IRQHandler
                0x0000000008000a3c                DMA2_Stream5_IRQHandler
                0x0000000008000a3c                DMA1_Stream5_IRQHandler
                0x0000000008000a3c                PVD_IRQHandler
                0x0000000008000a3c                SDIO_IRQHandler
                0x0000000008000a3c                TAMP_STAMP_IRQHandler
                0x0000000008000a3c                EXTI3_IRQHandler
                0x0000000008000a3c                TIM1_UP_TIM10_IRQHandler
                0x0000000008000a3c                I2C3_ER_IRQHandler
                0x0000000008000a3c                EXTI0_IRQHandler
                0x0000000008000a3c                I2C2_EV_IRQHandler
                0x0000000008000a3c                DMA1_Stream2_IRQHandler
                0x0000000008000a3c                FPU_IRQHandler
                0x0000000008000a3c                DMA2_Stream2_IRQHandler
                0x0000000008000a3c                SPI1_IRQHandler
                0x0000000008000a3c                TIM1_BRK_TIM9_IRQHandler
                0x0000000008000a3c                DMA2_Stream3_IRQHandler
                0x0000000008000a3c                USART6_IRQHandler
                0x0000000008000a3c                DMA2_Stream0_IRQHandler
                0x0000000008000a3c                TIM4_IRQHandler
                0x0000000008000a3c                I2C1_EV_IRQHandler
                0x0000000008000a3c                DMA1_Stream6_IRQHandler
                0x0000000008000a3c                DMA1_Stream1_IRQHandler
                0x0000000008000a3c                TIM3_IRQHandler
                0x0000000008000a3c                RCC_IRQHandler
                0x0000000008000a3c                Default_Handler
                0x0000000008000a3c                EXTI15_10_IRQHandler
                0x0000000008000a3c                ADC_IRQHandler
                0x0000000008000a3c                DMA1_Stream7_IRQHandler
                0x0000000008000a3c                SPI5_IRQHandler
                0x0000000008000a3c                TIM5_IRQHandler
                0x0000000008000a3c                DMA2_Stream7_IRQHandler
                0x0000000008000a3c                I2C3_EV_IRQHandler
                0x0000000008000a3c                EXTI9_5_IRQHandler
                0x0000000008000a3c                RTC_WKUP_IRQHandler
                0x0000000008000a3c                SPI2_IRQHandler
                0x0000000008000a3c                DMA1_Stream0_IRQHandler
                0x0000000008000a3c                EXTI4_IRQHandler
                0x0000000008000a3c                WWDG_IRQHandler
                0x0000000008000a3c                TIM2_IRQHandler
                0x0000000008000a3c                OTG_FS_WKUP_IRQHandler
                0x0000000008000a3c                TIM1_TRG_COM_TIM11_IRQHandler
                0x0000000008000a3c                EXTI1_IRQHandler
                0x0000000008000a3c                USART2_IRQHandler
                0x0000000008000a3c                I2C2_ER_IRQHandler
                0x0000000008000a3c                DMA2_Stream1_IRQHandler
                0x0000000008000a3c                FLASH_IRQHandler
                0x0000000008000a3c                DMA2_Stream4_IRQHandler
                0x0000000008000a3c                USART1_IRQHandler
                0x0000000008000a3c                OTG_FS_IRQHandler
                0x0000000008000a3c                SPI3_IRQHandler
                0x0000000008000a3c                DMA1_Stream4_IRQHandler
                0x0000000008000a3c                I2C1_ER_IRQHandler
                0x0000000008000a3c                DMA2_Stream6_IRQHandler
                0x0000000008000a3c                DMA1_Stream3_IRQHandler
 *fill*         0x0000000008000a3e        0x2 
 .text.HAL_Init
                0x0000000008000a40       0x44 ./Drivers/STM32F4xx_HAL_Driver/Src/stm32f4xx_hal.o
                0x0000000008000a40                HAL_Init
 .text.HAL_InitTick
                0x0000000008000a84       0x60 ./Drivers/STM32F4xx_HAL_Driver/Src/stm32f4xx_hal.o
                0x0000000008000a84                HAL_InitTick
 .text.HAL_IncTick
                0x0000000008000ae4       0x28 ./Drivers/STM32F4xx_HAL_Driver/Src/stm32f4xx_hal.o
                0x0000000008000ae4                HAL_IncTick
 .text.HAL_GetTick
                0x0000000008000b0c       0x18 ./Drivers/STM32F4xx_HAL_Driver/Src/stm32f4xx_hal.o
                0x0000000008000b0c                HAL_GetTick
 .text.HAL_Delay
                0x0000000008000b24       0x48 ./Drivers/STM32F4xx_HAL_Driver/Src/stm32f4xx_hal.o
                0x0000000008000b24                HAL_Delay
 .text.__NVIC_SetPriorityGrouping
                0x0000000008000b6c       0x48 ./Drivers/STM32F4xx_HAL_Driver/Src/stm32f4xx_hal_cortex.o
 .text.__NVIC_GetPriorityGrouping
                0x0000000008000bb4       0x1c ./Drivers/STM32F4xx_HAL_Driver/Src/stm32f4xx_hal_cortex.o
 .text.__NVIC_SetPriority
                0x0000000008000bd0       0x54 ./Drivers/STM32F4xx_HAL_Driver/Src/stm32f4xx_hal_cortex.o
 .text.NVIC_EncodePriority
                0x0000000008000c24       0x66 ./Drivers/STM32F4xx_HAL_Driver/Src/stm32f4xx_hal_cortex.o
 *fill*         0x0000000008000c8a        0x2 
 .text.SysTick_Config
                0x0000000008000c8c       0x44 ./Drivers/STM32F4xx_HAL_Driver/Src/stm32f4xx_hal_cortex.o
 .text.HAL_NVIC_SetPriorityGrouping
                0x0000000008000cd0       0x16 ./Drivers/STM32F4xx_HAL_Driver/Src/stm32f4xx_hal_cortex.o
                0x0000000008000cd0                HAL_NVIC_SetPriorityGrouping
 .text.HAL_NVIC_SetPriority
                0x0000000008000ce6       0x38 ./Drivers/STM32F4xx_HAL_Driver/Src/stm32f4xx_hal_cortex.o
                0x0000000008000ce6                HAL_NVIC_SetPriority
 .text.HAL_SYSTICK_Config
                0x0000000008000d1e       0x18 ./Drivers/STM32F4xx_HAL_Driver/Src/stm32f4xx_hal_cortex.o
                0x0000000008000d1e                HAL_SYSTICK_Config
 *fill*         0x0000000008000d36        0x2 
 .text.HAL_GPIO_Init
                0x0000000008000d38      0x308 ./Drivers/STM32F4xx_HAL_Driver/Src/stm32f4xx_hal_gpio.o
                0x0000000008000d38                HAL_GPIO_Init
 .text.HAL_GPIO_WritePin
                0x0000000008001040       0x32 ./Drivers/STM32F4xx_HAL_Driver/Src/stm32f4xx_hal_gpio.o
                0x0000000008001040                HAL_GPIO_WritePin
 *fill*         0x0000000008001072        0x2 
 .text.HAL_RCC_OscConfig
                0x0000000008001074      0x4f0 ./Drivers/STM32F4xx_HAL_Driver/Src/stm32f4xx_hal_rcc.o
                0x0000000008001074                HAL_RCC_OscConfig
 .text.HAL_RCC_ClockConfig
                0x0000000008001564      0x1cc ./Drivers/STM32F4xx_HAL_Driver/Src/stm32f4xx_hal_rcc.o
                0x0000000008001564                HAL_RCC_ClockConfig
 .text.HAL_RCC_GetSysClockFreq
                0x0000000008001730      0x16c ./Drivers/STM32F4xx_HAL_Driver/Src/stm32f4xx_hal_rcc.o
                0x0000000008001730                HAL_RCC_GetSysClockFreq
 .text.HAL_SPI_Init
                0x000000000800189c      0x112 ./Drivers/STM32F4xx_HAL_Driver/Src/stm32f4xx_hal_spi.o
                0x000000000800189c                HAL_SPI_Init
 .text.HAL_SPI_Transmit
                0x00000000080019ae      0x278 ./Drivers/STM32F4xx_HAL_Driver/Src/stm32f4xx_hal_spi.o
                0x00000000080019ae                HAL_SPI_Transmit
 .text.HAL_SPI_Receive
                0x0000000008001c26      0x222 ./Drivers/STM32F4xx_HAL_Driver/Src/stm32f4xx_hal_spi.o
                0x0000000008001c26                HAL_SPI_Receive
 .text.HAL_SPI_TransmitReceive
                0x0000000008001e48      0x344 ./Drivers/STM32F4xx_HAL_Driver/Src/stm32f4xx_hal_spi.o
                0x0000000008001e48                HAL_SPI_TransmitReceive
 .text.SPI_WaitFlagStateUntilTimeout
                0x000000000800218c      0x110 ./Drivers/STM32F4xx_HAL_Driver/Src/stm32f4xx_hal_spi.o
 .text.SPI_EndRxTransaction
                0x000000000800229c       0xca ./Drivers/STM32F4xx_HAL_Driver/Src/stm32f4xx_hal_spi.o
 *fill*         0x0000000008002366        0x2 
 .text.SPI_EndRxTxTransaction
                0x0000000008002368       0x84 ./Drivers/STM32F4xx_HAL_Driver/Src/stm32f4xx_hal_spi.o
 .text._nrf24_CS
                0x00000000080023ec       0x46 ./stm32f4/nRF24L01_PL/src/nrf24_lower_api_stm32.o
 .text.nrf24_read_register
                0x0000000008002432       0x5e ./stm32f4/nRF24L01_PL/src/nrf24_lower_api_stm32.o
                0x0000000008002432                nrf24_read_register
 .text.nrf24_write_register
                0x0000000008002490       0x68 ./stm32f4/nRF24L01_PL/src/nrf24_lower_api_stm32.o
                0x0000000008002490                nrf24_write_register
 .text.nrf24_read_rx_payload
                0x00000000080024f8       0x80 ./stm32f4/nRF24L01_PL/src/nrf24_lower_api_stm32.o
                0x00000000080024f8                nrf24_read_rx_payload
 .text.nrf24_flush_rx
                0x0000000008002578       0x3e ./stm32f4/nRF24L01_PL/src/nrf24_lower_api_stm32.o
                0x0000000008002578                nrf24_flush_rx
 .text.nrf24_flush_tx
                0x00000000080025b6       0x3e ./stm32f4/nRF24L01_PL/src/nrf24_lower_api_stm32.o
                0x00000000080025b6                nrf24_flush_tx
 .text.nrf24_get_rx_payload_size
                0x00000000080025f4       0x62 ./stm32f4/nRF24L01_PL/src/nrf24_lower_api_stm32.o
                0x00000000080025f4                nrf24_get_rx_payload_size
 .text.nrf24_get_status
                0x0000000008002656       0x44 ./stm32f4/nRF24L01_PL/src/nrf24_lower_api_stm32.o
                0x0000000008002656                nrf24_get_status
 .text.nrf24_ce_activate
                0x000000000800269a       0x24 ./stm32f4/nRF24L01_PL/src/nrf24_lower_api_stm32.o
                0x000000000800269a                nrf24_ce_activate
 .text._nrf24_CE
                0x00000000080026be       0x46 ./stm32f4/nRF24L01_PL/src/nrf24_lower_api_stm32.o
                0x00000000080026be                _nrf24_CE
 .text.nrf24_spi_init
                0x0000000008002704       0x38 ./stm32f4/nRF24L01_PL/src/nrf24_lower_api_stm32.o
                0x0000000008002704                nrf24_spi_init
 .text.nrf24_setup_rf
                0x000000000800273c       0xc4 ./stm32f4/nRF24L01_PL/src/nrf24_upper_api.o
                0x000000000800273c                nrf24_setup_rf
 .text.nrf24_setup_protocol
                0x0000000008002800      0x108 ./stm32f4/nRF24L01_PL/src/nrf24_upper_api.o
                0x0000000008002800                nrf24_setup_protocol
 .text.nrf24_pipe_rx_start
                0x0000000008002908      0x1d4 ./stm32f4/nRF24L01_PL/src/nrf24_upper_api.o
                0x0000000008002908                nrf24_pipe_rx_start
 .text.nrf24_mode_standby
                0x0000000008002adc       0x44 ./stm32f4/nRF24L01_PL/src/nrf24_upper_api.o
                0x0000000008002adc                nrf24_mode_standby
 .text.nrf24_mode_rx
                0x0000000008002b20       0x44 ./stm32f4/nRF24L01_PL/src/nrf24_upper_api.o
                0x0000000008002b20                nrf24_mode_rx
 .text.nrf24_fifo_peek
                0x0000000008002b64       0x72 ./stm32f4/nRF24L01_PL/src/nrf24_upper_api.o
                0x0000000008002b64                nrf24_fifo_peek
 .text.nrf24_fifo_status
                0x0000000008002bd6       0x80 ./stm32f4/nRF24L01_PL/src/nrf24_upper_api.o
                0x0000000008002bd6                nrf24_fifo_status
 .text.nrf24_fifo_read
                0x0000000008002c56       0x3a ./stm32f4/nRF24L01_PL/src/nrf24_upper_api.o
                0x0000000008002c56                nrf24_fifo_read
 .text.nrf24_fifo_flush_tx
                0x0000000008002c90       0x18 ./stm32f4/nRF24L01_PL/src/nrf24_upper_api.o
                0x0000000008002c90                nrf24_fifo_flush_tx
 .text.nrf24_fifo_flush_rx
                0x0000000008002ca8       0x18 ./stm32f4/nRF24L01_PL/src/nrf24_upper_api.o
                0x0000000008002ca8                nrf24_fifo_flush_rx
 .text.nrf24_irq_get
                0x0000000008002cc0       0x32 ./stm32f4/nRF24L01_PL/src/nrf24_upper_api.o
                0x0000000008002cc0                nrf24_irq_get
 .text.nrf24_irq_clear
                0x0000000008002cf2       0x30 ./stm32f4/nRF24L01_PL/src/nrf24_upper_api.o
                0x0000000008002cf2                nrf24_irq_clear
 *fill*         0x0000000008002d22        0x2 
 .text.__libc_init_array
                0x0000000008002d24       0x48 c:/st/stm32cubeide_1.8.0/stm32cubeide/plugins/com.st.stm32cube.ide.mcu.externaltools.gnu-tools-for-stm32.9-2020-q2-update.win32_2.0.0.202105311346/tools/bin/../lib/gcc/arm-none-eabi/9.3.1/../../../../arm-none-eabi/lib/thumb/v7e-m+fp/hard\libc_nano.a(lib_a-init.o)
                0x0000000008002d24                __libc_init_array
 .text.memset   0x0000000008002d6c       0x10 c:/st/stm32cubeide_1.8.0/stm32cubeide/plugins/com.st.stm32cube.ide.mcu.externaltools.gnu-tools-for-stm32.9-2020-q2-update.win32_2.0.0.202105311346/tools/bin/../lib/gcc/arm-none-eabi/9.3.1/../../../../arm-none-eabi/lib/thumb/v7e-m+fp/hard\libc_nano.a(lib_a-memset.o)
                0x0000000008002d6c                memset
 *(.glue_7)
 .glue_7        0x0000000008002d7c        0x0 linker stubs
 *(.glue_7t)
 .glue_7t       0x0000000008002d7c        0x0 linker stubs
 *(.eh_frame)
 .eh_frame      0x0000000008002d7c        0x0 c:/st/stm32cubeide_1.8.0/stm32cubeide/plugins/com.st.stm32cube.ide.mcu.externaltools.gnu-tools-for-stm32.9-2020-q2-update.win32_2.0.0.202105311346/tools/bin/../lib/gcc/arm-none-eabi/9.3.1/thumb/v7e-m+fp/hard/crtbegin.o
 *(.init)
 .init          0x0000000008002d7c        0x4 c:/st/stm32cubeide_1.8.0/stm32cubeide/plugins/com.st.stm32cube.ide.mcu.externaltools.gnu-tools-for-stm32.9-2020-q2-update.win32_2.0.0.202105311346/tools/bin/../lib/gcc/arm-none-eabi/9.3.1/thumb/v7e-m+fp/hard/crti.o
                0x0000000008002d7c                _init
 .init          0x0000000008002d80        0x8 c:/st/stm32cubeide_1.8.0/stm32cubeide/plugins/com.st.stm32cube.ide.mcu.externaltools.gnu-tools-for-stm32.9-2020-q2-update.win32_2.0.0.202105311346/tools/bin/../lib/gcc/arm-none-eabi/9.3.1/thumb/v7e-m+fp/hard/crtn.o
 *(.fini)
 .fini          0x0000000008002d88        0x4 c:/st/stm32cubeide_1.8.0/stm32cubeide/plugins/com.st.stm32cube.ide.mcu.externaltools.gnu-tools-for-stm32.9-2020-q2-update.win32_2.0.0.202105311346/tools/bin/../lib/gcc/arm-none-eabi/9.3.1/thumb/v7e-m+fp/hard/crti.o
                0x0000000008002d88                _fini
 .fini          0x0000000008002d8c        0x8 c:/st/stm32cubeide_1.8.0/stm32cubeide/plugins/com.st.stm32cube.ide.mcu.externaltools.gnu-tools-for-stm32.9-2020-q2-update.win32_2.0.0.202105311346/tools/bin/../lib/gcc/arm-none-eabi/9.3.1/thumb/v7e-m+fp/hard/crtn.o
                0x0000000008002d94                . = ALIGN (0x4)
                0x0000000008002d94                _etext = .

.vfp11_veneer   0x0000000008002d94        0x0
 .vfp11_veneer  0x0000000008002d94        0x0 linker stubs

.v4_bx          0x0000000008002d94        0x0
 .v4_bx         0x0000000008002d94        0x0 linker stubs

.iplt           0x0000000008002d94        0x0
 .iplt          0x0000000008002d94        0x0 c:/st/stm32cubeide_1.8.0/stm32cubeide/plugins/com.st.stm32cube.ide.mcu.externaltools.gnu-tools-for-stm32.9-2020-q2-update.win32_2.0.0.202105311346/tools/bin/../lib/gcc/arm-none-eabi/9.3.1/thumb/v7e-m+fp/hard/crtbegin.o

.rodata         0x0000000008002d94       0x10
                0x0000000008002d94                . = ALIGN (0x4)
 *(.rodata)
 *(.rodata*)
 .rodata.AHBPrescTable
                0x0000000008002d94       0x10 ./Core/Src/system_stm32f4xx.o
                0x0000000008002d94                AHBPrescTable
                0x0000000008002da4                . = ALIGN (0x4)

.ARM.extab      0x0000000008002da4        0x0
                0x0000000008002da4                . = ALIGN (0x4)
 *(.ARM.extab* .gnu.linkonce.armextab.*)
                0x0000000008002da4                . = ALIGN (0x4)

.ARM            0x0000000008002da4        0x8
                0x0000000008002da4                . = ALIGN (0x4)
                0x0000000008002da4                __exidx_start = .
 *(.ARM.exidx*)
 .ARM.exidx     0x0000000008002da4        0x8 c:/st/stm32cubeide_1.8.0/stm32cubeide/plugins/com.st.stm32cube.ide.mcu.externaltools.gnu-tools-for-stm32.9-2020-q2-update.win32_2.0.0.202105311346/tools/bin/../lib/gcc/arm-none-eabi/9.3.1/thumb/v7e-m+fp/hard\libgcc.a(_udivmoddi4.o)
                0x0000000008002dac                __exidx_end = .
                0x0000000008002dac                . = ALIGN (0x4)

.rel.dyn        0x0000000008002dac        0x0
 .rel.iplt      0x0000000008002dac        0x0 c:/st/stm32cubeide_1.8.0/stm32cubeide/plugins/com.st.stm32cube.ide.mcu.externaltools.gnu-tools-for-stm32.9-2020-q2-update.win32_2.0.0.202105311346/tools/bin/../lib/gcc/arm-none-eabi/9.3.1/thumb/v7e-m+fp/hard/crtbegin.o

.preinit_array  0x0000000008002dac        0x0
                0x0000000008002dac                . = ALIGN (0x4)
                0x0000000008002dac                PROVIDE (__preinit_array_start = .)
 *(.preinit_array*)
                0x0000000008002dac                PROVIDE (__preinit_array_end = .)
                0x0000000008002dac                . = ALIGN (0x4)

.init_array     0x0000000008002dac        0x4
                0x0000000008002dac                . = ALIGN (0x4)
                0x0000000008002dac                PROVIDE (__init_array_start = .)
 *(SORT_BY_NAME(.init_array.*))
 *(.init_array*)
 .init_array    0x0000000008002dac        0x4 c:/st/stm32cubeide_1.8.0/stm32cubeide/plugins/com.st.stm32cube.ide.mcu.externaltools.gnu-tools-for-stm32.9-2020-q2-update.win32_2.0.0.202105311346/tools/bin/../lib/gcc/arm-none-eabi/9.3.1/thumb/v7e-m+fp/hard/crtbegin.o
                0x0000000008002db0                PROVIDE (__init_array_end = .)
                0x0000000008002db0                . = ALIGN (0x4)

.fini_array     0x0000000008002db0        0x4
                0x0000000008002db0                . = ALIGN (0x4)
                [!provide]                        PROVIDE (__fini_array_start = .)
 *(SORT_BY_NAME(.fini_array.*))
 *(.fini_array*)
 .fini_array    0x0000000008002db0        0x4 c:/st/stm32cubeide_1.8.0/stm32cubeide/plugins/com.st.stm32cube.ide.mcu.externaltools.gnu-tools-for-stm32.9-2020-q2-update.win32_2.0.0.202105311346/tools/bin/../lib/gcc/arm-none-eabi/9.3.1/thumb/v7e-m+fp/hard/crtbegin.o
                [!provide]                        PROVIDE (__fini_array_end = .)
                0x0000000008002db4                . = ALIGN (0x4)
                0x0000000008002db4                _sidata = LOADADDR (.data)

.data           0x0000000020000000        0xc load address 0x0000000008002db4
                0x0000000020000000                . = ALIGN (0x4)
                0x0000000020000000                _sdata = .
 *(.data)
 *(.data*)
 .data.SystemCoreClock
                0x0000000020000000        0x4 ./Core/Src/system_stm32f4xx.o
                0x0000000020000000                SystemCoreClock
 .data.uwTickPrio
                0x0000000020000004        0x4 ./Drivers/STM32F4xx_HAL_Driver/Src/stm32f4xx_hal.o
                0x0000000020000004                uwTickPrio
 .data.uwTickFreq
                0x0000000020000008        0x1 ./Drivers/STM32F4xx_HAL_Driver/Src/stm32f4xx_hal.o
                0x0000000020000008                uwTickFreq
 *(.RamFunc)
 *(.RamFunc*)
                0x000000002000000c                . = ALIGN (0x4)
 *fill*         0x0000000020000009        0x3 
                0x000000002000000c                _edata = .

.igot.plt       0x000000002000000c        0x0 load address 0x0000000008002dc0
 .igot.plt      0x000000002000000c        0x0 c:/st/stm32cubeide_1.8.0/stm32cubeide/plugins/com.st.stm32cube.ide.mcu.externaltools.gnu-tools-for-stm32.9-2020-q2-update.win32_2.0.0.202105311346/tools/bin/../lib/gcc/arm-none-eabi/9.3.1/thumb/v7e-m+fp/hard/crtbegin.o
                0x000000002000000c                . = ALIGN (0x4)

.bss            0x000000002000000c       0x78 load address 0x0000000008002dc0
                0x000000002000000c                _sbss = .
                0x000000002000000c                __bss_start__ = _sbss
 *(.bss)
 .bss           0x000000002000000c       0x1c c:/st/stm32cubeide_1.8.0/stm32cubeide/plugins/com.st.stm32cube.ide.mcu.externaltools.gnu-tools-for-stm32.9-2020-q2-update.win32_2.0.0.202105311346/tools/bin/../lib/gcc/arm-none-eabi/9.3.1/thumb/v7e-m+fp/hard/crtbegin.o
 *(.bss*)
 *(COMMON)
 COMMON         0x0000000020000028       0x58 ./Core/Src/main.o
                0x0000000020000028                hspi2
 COMMON         0x0000000020000080        0x4 ./Drivers/STM32F4xx_HAL_Driver/Src/stm32f4xx_hal.o
                0x0000000020000080                uwTick
                0x0000000020000084                . = ALIGN (0x4)
                0x0000000020000084                _ebss = .
                0x0000000020000084                __bss_end__ = _ebss

._user_heap_stack
                0x0000000020000084      0x604 load address 0x0000000008002dc0
                0x0000000020000088                . = ALIGN (0x8)
 *fill*         0x0000000020000084        0x4 
                [!provide]                        PROVIDE (end = .)
                0x0000000020000088                PROVIDE (_end = .)
                0x0000000020000288                . = (. + _Min_Heap_Size)
 *fill*         0x0000000020000088      0x200 
                0x0000000020000688                . = (. + _Min_Stack_Size)
 *fill*         0x0000000020000288      0x400 
                0x0000000020000688                . = ALIGN (0x8)

/DISCARD/
 libc.a(*)
 libm.a(*)
 libgcc.a(*)

.ARM.attributes
                0x0000000000000000       0x30
 *(.ARM.attributes)
 .ARM.attributes
                0x0000000000000000       0x1e c:/st/stm32cubeide_1.8.0/stm32cubeide/plugins/com.st.stm32cube.ide.mcu.externaltools.gnu-tools-for-stm32.9-2020-q2-update.win32_2.0.0.202105311346/tools/bin/../lib/gcc/arm-none-eabi/9.3.1/thumb/v7e-m+fp/hard/crti.o
 .ARM.attributes
                0x000000000000001e       0x34 c:/st/stm32cubeide_1.8.0/stm32cubeide/plugins/com.st.stm32cube.ide.mcu.externaltools.gnu-tools-for-stm32.9-2020-q2-update.win32_2.0.0.202105311346/tools/bin/../lib/gcc/arm-none-eabi/9.3.1/thumb/v7e-m+fp/hard/crtbegin.o
 .ARM.attributes
                0x0000000000000052       0x34 ./Application/app_main.o
 .ARM.attributes
                0x0000000000000086       0x34 ./Core/Src/main.o
 .ARM.attributes
                0x00000000000000ba       0x34 ./Core/Src/stm32f4xx_hal_msp.o
 .ARM.attributes
                0x00000000000000ee       0x34 ./Core/Src/stm32f4xx_it.o
 .ARM.attributes
                0x0000000000000122       0x34 ./Core/Src/system_stm32f4xx.o
 .ARM.attributes
                0x0000000000000156       0x21 ./Core/Startup/startup_stm32f411ceux.o
 .ARM.attributes
                0x0000000000000177       0x34 ./Drivers/STM32F4xx_HAL_Driver/Src/stm32f4xx_hal.o
 .ARM.attributes
                0x00000000000001ab       0x34 ./Drivers/STM32F4xx_HAL_Driver/Src/stm32f4xx_hal_cortex.o
 .ARM.attributes
                0x00000000000001df       0x34 ./Drivers/STM32F4xx_HAL_Driver/Src/stm32f4xx_hal_gpio.o
 .ARM.attributes
                0x0000000000000213       0x34 ./Drivers/STM32F4xx_HAL_Driver/Src/stm32f4xx_hal_rcc.o
 .ARM.attributes
                0x0000000000000247       0x34 ./Drivers/STM32F4xx_HAL_Driver/Src/stm32f4xx_hal_spi.o
 .ARM.attributes
                0x000000000000027b       0x34 ./stm32f4/nRF24L01_PL/src/nrf24_lower_api_stm32.o
 .ARM.attributes
                0x00000000000002af       0x34 ./stm32f4/nRF24L01_PL/src/nrf24_upper_api.o
 .ARM.attributes
                0x00000000000002e3       0x34 c:/st/stm32cubeide_1.8.0/stm32cubeide/plugins/com.st.stm32cube.ide.mcu.externaltools.gnu-tools-for-stm32.9-2020-q2-update.win32_2.0.0.202105311346/tools/bin/../lib/gcc/arm-none-eabi/9.3.1/../../../../arm-none-eabi/lib/thumb/v7e-m+fp/hard\libc_nano.a(lib_a-init.o)
 .ARM.attributes
                0x0000000000000317       0x34 c:/st/stm32cubeide_1.8.0/stm32cubeide/plugins/com.st.stm32cube.ide.mcu.externaltools.gnu-tools-for-stm32.9-2020-q2-update.win32_2.0.0.202105311346/tools/bin/../lib/gcc/arm-none-eabi/9.3.1/../../../../arm-none-eabi/lib/thumb/v7e-m+fp/hard\libc_nano.a(lib_a-memset.o)
 .ARM.attributes
                0x000000000000034b       0x1e c:/st/stm32cubeide_1.8.0/stm32cubeide/plugins/com.st.stm32cube.ide.mcu.externaltools.gnu-tools-for-stm32.9-2020-q2-update.win32_2.0.0.202105311346/tools/bin/../lib/gcc/arm-none-eabi/9.3.1/thumb/v7e-m+fp/hard\libgcc.a(_aeabi_uldivmod.o)
 .ARM.attributes
                0x0000000000000369       0x34 c:/st/stm32cubeide_1.8.0/stm32cubeide/plugins/com.st.stm32cube.ide.mcu.externaltools.gnu-tools-for-stm32.9-2020-q2-update.win32_2.0.0.202105311346/tools/bin/../lib/gcc/arm-none-eabi/9.3.1/thumb/v7e-m+fp/hard\libgcc.a(_udivmoddi4.o)
 .ARM.attributes
                0x000000000000039d       0x1e c:/st/stm32cubeide_1.8.0/stm32cubeide/plugins/com.st.stm32cube.ide.mcu.externaltools.gnu-tools-for-stm32.9-2020-q2-update.win32_2.0.0.202105311346/tools/bin/../lib/gcc/arm-none-eabi/9.3.1/thumb/v7e-m+fp/hard\libgcc.a(_dvmd_tls.o)
 .ARM.attributes
                0x00000000000003bb       0x1e c:/st/stm32cubeide_1.8.0/stm32cubeide/plugins/com.st.stm32cube.ide.mcu.externaltools.gnu-tools-for-stm32.9-2020-q2-update.win32_2.0.0.202105311346/tools/bin/../lib/gcc/arm-none-eabi/9.3.1/thumb/v7e-m+fp/hard/crtn.o
OUTPUT(da_nrf_blade.elf elf32-littlearm)
LOAD linker stubs
LOAD c:/st/stm32cubeide_1.8.0/stm32cubeide/plugins/com.st.stm32cube.ide.mcu.externaltools.gnu-tools-for-stm32.9-2020-q2-update.win32_2.0.0.202105311346/tools/bin/../lib/gcc/arm-none-eabi/9.3.1/../../../../arm-none-eabi/lib/thumb/v7e-m+fp/hard\libc.a
LOAD c:/st/stm32cubeide_1.8.0/stm32cubeide/plugins/com.st.stm32cube.ide.mcu.externaltools.gnu-tools-for-stm32.9-2020-q2-update.win32_2.0.0.202105311346/tools/bin/../lib/gcc/arm-none-eabi/9.3.1/../../../../arm-none-eabi/lib/thumb/v7e-m+fp/hard\libm.a
LOAD c:/st/stm32cubeide_1.8.0/stm32cubeide/plugins/com.st.stm32cube.ide.mcu.externaltools.gnu-tools-for-stm32.9-2020-q2-update.win32_2.0.0.202105311346/tools/bin/../lib/gcc/arm-none-eabi/9.3.1/thumb/v7e-m+fp/hard\libgcc.a

.debug_info     0x0000000000000000     0x975c
 .debug_info    0x0000000000000000     0x152e ./Application/app_main.o
 .debug_info    0x000000000000152e      0xc7c ./Core/Src/main.o
 .debug_info    0x00000000000021aa      0xa74 ./Core/Src/stm32f4xx_hal_msp.o
 .debug_info    0x0000000000002c1e      0x222 ./Core/Src/stm32f4xx_it.o
 .debug_info    0x0000000000002e40      0x5d0 ./Core/Src/system_stm32f4xx.o
 .debug_info    0x0000000000003410       0x22 ./Core/Startup/startup_stm32f411ceux.o
 .debug_info    0x0000000000003432      0x944 ./Drivers/STM32F4xx_HAL_Driver/Src/stm32f4xx_hal.o
 .debug_info    0x0000000000003d76      0xe47 ./Drivers/STM32F4xx_HAL_Driver/Src/stm32f4xx_hal_cortex.o
 .debug_info    0x0000000000004bbd      0x862 ./Drivers/STM32F4xx_HAL_Driver/Src/stm32f4xx_hal_gpio.o
 .debug_info    0x000000000000541f      0x9be ./Drivers/STM32F4xx_HAL_Driver/Src/stm32f4xx_hal_rcc.o
 .debug_info    0x0000000000005ddd     0x17b8 ./Drivers/STM32F4xx_HAL_Driver/Src/stm32f4xx_hal_spi.o
 .debug_info    0x0000000000007595     0x1791 ./stm32f4/nRF24L01_PL/src/nrf24_lower_api_stm32.o
 .debug_info    0x0000000000008d26      0xa36 ./stm32f4/nRF24L01_PL/src/nrf24_upper_api.o

.debug_abbrev   0x0000000000000000     0x1805
 .debug_abbrev  0x0000000000000000      0x222 ./Application/app_main.o
 .debug_abbrev  0x0000000000000222      0x23a ./Core/Src/main.o
 .debug_abbrev  0x000000000000045c      0x1ac ./Core/Src/stm32f4xx_hal_msp.o
 .debug_abbrev  0x0000000000000608       0xd2 ./Core/Src/stm32f4xx_it.o
 .debug_abbrev  0x00000000000006da      0x145 ./Core/Src/system_stm32f4xx.o
 .debug_abbrev  0x000000000000081f       0x12 ./Core/Startup/startup_stm32f411ceux.o
 .debug_abbrev  0x0000000000000831      0x21e ./Drivers/STM32F4xx_HAL_Driver/Src/stm32f4xx_hal.o
 .debug_abbrev  0x0000000000000a4f      0x33c ./Drivers/STM32F4xx_HAL_Driver/Src/stm32f4xx_hal_cortex.o
 .debug_abbrev  0x0000000000000d8b      0x1f1 ./Drivers/STM32F4xx_HAL_Driver/Src/stm32f4xx_hal_gpio.o
 .debug_abbrev  0x0000000000000f7c      0x275 ./Drivers/STM32F4xx_HAL_Driver/Src/stm32f4xx_hal_rcc.o
 .debug_abbrev  0x00000000000011f1      0x26e ./Drivers/STM32F4xx_HAL_Driver/Src/stm32f4xx_hal_spi.o
 .debug_abbrev  0x000000000000145f      0x238 ./stm32f4/nRF24L01_PL/src/nrf24_lower_api_stm32.o
 .debug_abbrev  0x0000000000001697      0x16e ./stm32f4/nRF24L01_PL/src/nrf24_upper_api.o

.debug_aranges  0x0000000000000000      0x758
 .debug_aranges
                0x0000000000000000       0x20 ./Application/app_main.o
 .debug_aranges
                0x0000000000000020       0x40 ./Core/Src/main.o
 .debug_aranges
                0x0000000000000060       0x30 ./Core/Src/stm32f4xx_hal_msp.o
 .debug_aranges
                0x0000000000000090       0x60 ./Core/Src/stm32f4xx_it.o
 .debug_aranges
                0x00000000000000f0       0x28 ./Core/Src/system_stm32f4xx.o
 .debug_aranges
                0x0000000000000118       0x28 ./Core/Startup/startup_stm32f411ceux.o
 .debug_aranges
                0x0000000000000140       0xf0 ./Drivers/STM32F4xx_HAL_Driver/Src/stm32f4xx_hal.o
 .debug_aranges
                0x0000000000000230      0x118 ./Drivers/STM32F4xx_HAL_Driver/Src/stm32f4xx_hal_cortex.o
 .debug_aranges
                0x0000000000000348       0x58 ./Drivers/STM32F4xx_HAL_Driver/Src/stm32f4xx_hal_gpio.o
 .debug_aranges
                0x00000000000003a0       0x88 ./Drivers/STM32F4xx_HAL_Driver/Src/stm32f4xx_hal_rcc.o
 .debug_aranges
                0x0000000000000428      0x1d0 ./Drivers/STM32F4xx_HAL_Driver/Src/stm32f4xx_hal_spi.o
 .debug_aranges
                0x00000000000005f8       0xa8 ./stm32f4/nRF24L01_PL/src/nrf24_lower_api_stm32.o
 .debug_aranges
                0x00000000000006a0       0xb8 ./stm32f4/nRF24L01_PL/src/nrf24_upper_api.o

.debug_ranges   0x0000000000000000      0x690
 .debug_ranges  0x0000000000000000       0x10 ./Application/app_main.o
 .debug_ranges  0x0000000000000010       0x30 ./Core/Src/main.o
 .debug_ranges  0x0000000000000040       0x20 ./Core/Src/stm32f4xx_hal_msp.o
 .debug_ranges  0x0000000000000060       0x50 ./Core/Src/stm32f4xx_it.o
 .debug_ranges  0x00000000000000b0       0x18 ./Core/Src/system_stm32f4xx.o
 .debug_ranges  0x00000000000000c8       0x20 ./Core/Startup/startup_stm32f411ceux.o
 .debug_ranges  0x00000000000000e8       0xe0 ./Drivers/STM32F4xx_HAL_Driver/Src/stm32f4xx_hal.o
 .debug_ranges  0x00000000000001c8      0x108 ./Drivers/STM32F4xx_HAL_Driver/Src/stm32f4xx_hal_cortex.o
 .debug_ranges  0x00000000000002d0       0x48 ./Drivers/STM32F4xx_HAL_Driver/Src/stm32f4xx_hal_gpio.o
 .debug_ranges  0x0000000000000318       0x78 ./Drivers/STM32F4xx_HAL_Driver/Src/stm32f4xx_hal_rcc.o
 .debug_ranges  0x0000000000000390      0x1c0 ./Drivers/STM32F4xx_HAL_Driver/Src/stm32f4xx_hal_spi.o
 .debug_ranges  0x0000000000000550       0x98 ./stm32f4/nRF24L01_PL/src/nrf24_lower_api_stm32.o
 .debug_ranges  0x00000000000005e8       0xa8 ./stm32f4/nRF24L01_PL/src/nrf24_upper_api.o

.debug_macro    0x0000000000000000    0x15f28
 .debug_macro   0x0000000000000000      0x3bd ./Application/app_main.o
 .debug_macro   0x00000000000003bd      0xaa8 ./Application/app_main.o
 .debug_macro   0x0000000000000e65       0x22 ./Application/app_main.o
 .debug_macro   0x0000000000000e87       0x22 ./Application/app_main.o
 .debug_macro   0x0000000000000ea9       0x8e ./Application/app_main.o
 .debug_macro   0x0000000000000f37       0x51 ./Application/app_main.o
 .debug_macro   0x0000000000000f88      0x103 ./Application/app_main.o
 .debug_macro   0x000000000000108b       0x6a ./Application/app_main.o
 .debug_macro   0x00000000000010f5      0x1df ./Application/app_main.o
 .debug_macro   0x00000000000012d4      0x295 ./Application/app_main.o
 .debug_macro   0x0000000000001569       0x2e ./Application/app_main.o
 .debug_macro   0x0000000000001597       0x28 ./Application/app_main.o
 .debug_macro   0x00000000000015bf       0x1c ./Application/app_main.o
 .debug_macro   0x00000000000015db       0x22 ./Application/app_main.o
 .debug_macro   0x00000000000015fd       0xdf ./Application/app_main.o
 .debug_macro   0x00000000000016dc     0x102d ./Application/app_main.o
 .debug_macro   0x0000000000002709      0x11f ./Application/app_main.o
 .debug_macro   0x0000000000002828     0xb953 ./Application/app_main.o
 .debug_macro   0x000000000000e17b       0x6d ./Application/app_main.o
 .debug_macro   0x000000000000e1e8     0x3666 ./Application/app_main.o
 .debug_macro   0x000000000001184e      0x174 ./Application/app_main.o
 .debug_macro   0x00000000000119c2       0x5c ./Application/app_main.o
 .debug_macro   0x0000000000011a1e      0x447 ./Application/app_main.o
 .debug_macro   0x0000000000011e65      0x9fe ./Application/app_main.o
 .debug_macro   0x0000000000012863      0x116 ./Application/app_main.o
 .debug_macro   0x0000000000012979      0x11b ./Application/app_main.o
 .debug_macro   0x0000000000012a94       0xa5 ./Application/app_main.o
 .debug_macro   0x0000000000012b39      0x15f ./Application/app_main.o
 .debug_macro   0x0000000000012c98      0x287 ./Application/app_main.o
 .debug_macro   0x0000000000012f1f       0x5f ./Application/app_main.o
 .debug_macro   0x0000000000012f7e      0x236 ./Application/app_main.o
 .debug_macro   0x00000000000131b4      0x132 ./Application/app_main.o
 .debug_macro   0x00000000000132e6      0x264 ./Application/app_main.o
 .debug_macro   0x000000000001354a       0x2e ./Application/app_main.o
 .debug_macro   0x0000000000013578      0x11a ./Application/app_main.o
 .debug_macro   0x0000000000013692       0x85 ./Application/app_main.o
 .debug_macro   0x0000000000013717       0x89 ./Application/app_main.o
 .debug_macro   0x00000000000137a0      0x225 ./Application/app_main.o
 .debug_macro   0x00000000000139c5      0x126 ./Application/app_main.o
 .debug_macro   0x0000000000013aeb       0x52 ./Application/app_main.o
 .debug_macro   0x0000000000013b3d       0x18 ./Application/app_main.o
 .debug_macro   0x0000000000013b55       0x3c ./Application/app_main.o
 .debug_macro   0x0000000000013b91       0x34 ./Application/app_main.o
 .debug_macro   0x0000000000013bc5       0x16 ./Application/app_main.o
 .debug_macro   0x0000000000013bdb       0x35 ./Application/app_main.o
 .debug_macro   0x0000000000013c10      0x333 ./Application/app_main.o
 .debug_macro   0x0000000000013f43       0x10 ./Application/app_main.o
 .debug_macro   0x0000000000013f53       0x16 ./Application/app_main.o
 .debug_macro   0x0000000000013f69       0x43 ./Application/app_main.o
 .debug_macro   0x0000000000013fac       0x34 ./Application/app_main.o
 .debug_macro   0x0000000000013fe0       0x10 ./Application/app_main.o
 .debug_macro   0x0000000000013ff0       0x58 ./Application/app_main.o
 .debug_macro   0x0000000000014048       0x71 ./Application/app_main.o
 .debug_macro   0x00000000000140b9       0x1c ./Application/app_main.o
 .debug_macro   0x00000000000140d5      0x12a ./Application/app_main.o
 .debug_macro   0x00000000000141ff       0x10 ./Application/app_main.o
 .debug_macro   0x000000000001420f       0x1c ./Application/app_main.o
 .debug_macro   0x000000000001422b       0x52 ./Application/app_main.o
 .debug_macro   0x000000000001427d       0x22 ./Application/app_main.o
 .debug_macro   0x000000000001429f       0x10 ./Application/app_main.o
 .debug_macro   0x00000000000142af       0x40 ./Application/app_main.o
 .debug_macro   0x00000000000142ef       0xd5 ./Application/app_main.o
 .debug_macro   0x00000000000143c4       0x1c ./Application/app_main.o
 .debug_macro   0x00000000000143e0       0x3d ./Application/app_main.o
 .debug_macro   0x000000000001441d       0x16 ./Application/app_main.o
 .debug_macro   0x0000000000014433      0x145 ./Application/app_main.o
 .debug_macro   0x0000000000014578       0x16 ./Application/app_main.o
 .debug_macro   0x000000000001458e       0x20 ./Application/app_main.o
 .debug_macro   0x00000000000145ae      0x1a9 ./Application/app_main.o
 .debug_macro   0x0000000000014757      0x1b4 ./Application/app_main.o
 .debug_macro   0x000000000001490b       0x22 ./Application/app_main.o
 .debug_macro   0x000000000001492d      0x1c9 ./Core/Src/main.o
 .debug_macro   0x0000000000014af6       0x1c ./Core/Src/main.o
 .debug_macro   0x0000000000014b12      0x1c9 ./Core/Src/stm32f4xx_hal_msp.o
 .debug_macro   0x0000000000014cdb      0x1d3 ./Core/Src/stm32f4xx_it.o
 .debug_macro   0x0000000000014eae      0x1ba ./Core/Src/system_stm32f4xx.o
 .debug_macro   0x0000000000015068      0x21a ./Drivers/STM32F4xx_HAL_Driver/Src/stm32f4xx_hal.o
 .debug_macro   0x0000000000015282      0x1ba ./Drivers/STM32F4xx_HAL_Driver/Src/stm32f4xx_hal_cortex.o
 .debug_macro   0x000000000001543c      0x1c0 ./Drivers/STM32F4xx_HAL_Driver/Src/stm32f4xx_hal_gpio.o
 .debug_macro   0x00000000000155fc      0x1de ./Drivers/STM32F4xx_HAL_Driver/Src/stm32f4xx_hal_rcc.o
 .debug_macro   0x00000000000157da      0x1c9 ./Drivers/STM32F4xx_HAL_Driver/Src/stm32f4xx_hal_spi.o
 .debug_macro   0x00000000000159a3      0x385 ./stm32f4/nRF24L01_PL/src/nrf24_lower_api_stm32.o
 .debug_macro   0x0000000000015d28      0x200 ./stm32f4/nRF24L01_PL/src/nrf24_upper_api.o

.debug_line     0x0000000000000000     0x8975
 .debug_line    0x0000000000000000      0xa2b ./Application/app_main.o
 .debug_line    0x0000000000000a2b      0x77c ./Core/Src/main.o
 .debug_line    0x00000000000011a7      0x6e1 ./Core/Src/stm32f4xx_hal_msp.o
 .debug_line    0x0000000000001888      0x757 ./Core/Src/stm32f4xx_it.o
 .debug_line    0x0000000000001fdf      0x716 ./Core/Src/system_stm32f4xx.o
 .debug_line    0x00000000000026f5       0x88 ./Core/Startup/startup_stm32f411ceux.o
 .debug_line    0x000000000000277d      0x97c ./Drivers/STM32F4xx_HAL_Driver/Src/stm32f4xx_hal.o
 .debug_line    0x00000000000030f9      0xc2b ./Drivers/STM32F4xx_HAL_Driver/Src/stm32f4xx_hal_cortex.o
 .debug_line    0x0000000000003d24      0xab6 ./Drivers/STM32F4xx_HAL_Driver/Src/stm32f4xx_hal_gpio.o
 .debug_line    0x00000000000047da      0xcf6 ./Drivers/STM32F4xx_HAL_Driver/Src/stm32f4xx_hal_rcc.o
 .debug_line    0x00000000000054d0     0x1c04 ./Drivers/STM32F4xx_HAL_Driver/Src/stm32f4xx_hal_spi.o
 .debug_line    0x00000000000070d4      0xca5 ./stm32f4/nRF24L01_PL/src/nrf24_lower_api_stm32.o
 .debug_line    0x0000000000007d79      0xbfc ./stm32f4/nRF24L01_PL/src/nrf24_upper_api.o

.debug_str      0x0000000000000000    0x86963
 .debug_str     0x0000000000000000    0x849df ./Application/app_main.o
                                      0x84df6 (size before relaxing)
 .debug_str     0x00000000000849df      0x2dd ./Core/Src/main.o
                                      0x7f913 (size before relaxing)
 .debug_str     0x0000000000084cbc       0x4e ./Core/Src/stm32f4xx_hal_msp.o
                                      0x7f79a (size before relaxing)
 .debug_str     0x0000000000084d0a       0xbd ./Core/Src/stm32f4xx_it.o
                                      0x7f24b (size before relaxing)
 .debug_str     0x0000000000084dc7       0xaf ./Core/Src/system_stm32f4xx.o
                                      0x7f2e7 (size before relaxing)
 .debug_str     0x0000000000084e76       0x36 ./Core/Startup/startup_stm32f411ceux.o
                                         0x85 (size before relaxing)
 .debug_str     0x0000000000084eac      0x90f ./Drivers/STM32F4xx_HAL_Driver/Src/stm32f4xx_hal.o
                                      0x7fc71 (size before relaxing)
 .debug_str     0x00000000000857bb      0x399 ./Drivers/STM32F4xx_HAL_Driver/Src/stm32f4xx_hal_cortex.o
                                      0x7fa4e (size before relaxing)
 .debug_str     0x0000000000085b54      0x15f ./Drivers/STM32F4xx_HAL_Driver/Src/stm32f4xx_hal_gpio.o
                                      0x7f48e (size before relaxing)
 .debug_str     0x0000000000085cb3      0x24e ./Drivers/STM32F4xx_HAL_Driver/Src/stm32f4xx_hal_rcc.o
                                      0x7f6e9 (size before relaxing)
 .debug_str     0x0000000000085f01      0x57f ./Drivers/STM32F4xx_HAL_Driver/Src/stm32f4xx_hal_spi.o
                                      0x7fb79 (size before relaxing)
 .debug_str     0x0000000000086480      0x261 ./stm32f4/nRF24L01_PL/src/nrf24_lower_api_stm32.o
                                      0x842e8 (size before relaxing)
 .debug_str     0x00000000000866e1      0x282 ./stm32f4/nRF24L01_PL/src/nrf24_upper_api.o
                                      0x80034 (size before relaxing)

.comment        0x0000000000000000       0x53
 .comment       0x0000000000000000       0x53 ./Application/app_main.o
                                         0x54 (size before relaxing)
 .comment       0x0000000000000053       0x54 ./Core/Src/main.o
 .comment       0x0000000000000053       0x54 ./Core/Src/stm32f4xx_hal_msp.o
 .comment       0x0000000000000053       0x54 ./Core/Src/stm32f4xx_it.o
 .comment       0x0000000000000053       0x54 ./Core/Src/system_stm32f4xx.o
 .comment       0x0000000000000053       0x54 ./Drivers/STM32F4xx_HAL_Driver/Src/stm32f4xx_hal.o
 .comment       0x0000000000000053       0x54 ./Drivers/STM32F4xx_HAL_Driver/Src/stm32f4xx_hal_cortex.o
 .comment       0x0000000000000053       0x54 ./Drivers/STM32F4xx_HAL_Driver/Src/stm32f4xx_hal_gpio.o
 .comment       0x0000000000000053       0x54 ./Drivers/STM32F4xx_HAL_Driver/Src/stm32f4xx_hal_rcc.o
 .comment       0x0000000000000053       0x54 ./Drivers/STM32F4xx_HAL_Driver/Src/stm32f4xx_hal_spi.o
 .comment       0x0000000000000053       0x54 ./stm32f4/nRF24L01_PL/src/nrf24_lower_api_stm32.o
 .comment       0x0000000000000053       0x54 ./stm32f4/nRF24L01_PL/src/nrf24_upper_api.o

.debug_frame    0x0000000000000000     0x1c48
 .debug_frame   0x0000000000000000       0x30 ./Application/app_main.o
 .debug_frame   0x0000000000000030       0xa8 ./Core/Src/main.o
 .debug_frame   0x00000000000000d8       0x80 ./Core/Src/stm32f4xx_hal_msp.o
 .debug_frame   0x0000000000000158      0x104 ./Core/Src/stm32f4xx_it.o
 .debug_frame   0x000000000000025c       0x58 ./Core/Src/system_stm32f4xx.o
 .debug_frame   0x00000000000002b4      0x374 ./Drivers/STM32F4xx_HAL_Driver/Src/stm32f4xx_hal.o
 .debug_frame   0x0000000000000628      0x498 ./Drivers/STM32F4xx_HAL_Driver/Src/stm32f4xx_hal_cortex.o
 .debug_frame   0x0000000000000ac0      0x14c ./Drivers/STM32F4xx_HAL_Driver/Src/stm32f4xx_hal_gpio.o
 .debug_frame   0x0000000000000c0c      0x1ec ./Drivers/STM32F4xx_HAL_Driver/Src/stm32f4xx_hal_rcc.o
 .debug_frame   0x0000000000000df8      0x824 ./Drivers/STM32F4xx_HAL_Driver/Src/stm32f4xx_hal_spi.o
 .debug_frame   0x000000000000161c      0x2a0 ./stm32f4/nRF24L01_PL/src/nrf24_lower_api_stm32.o
 .debug_frame   0x00000000000018bc      0x2e0 ./stm32f4/nRF24L01_PL/src/nrf24_upper_api.o
 .debug_frame   0x0000000000001b9c       0x2c c:/st/stm32cubeide_1.8.0/stm32cubeide/plugins/com.st.stm32cube.ide.mcu.externaltools.gnu-tools-for-stm32.9-2020-q2-update.win32_2.0.0.202105311346/tools/bin/../lib/gcc/arm-none-eabi/9.3.1/../../../../arm-none-eabi/lib/thumb/v7e-m+fp/hard\libc_nano.a(lib_a-init.o)
 .debug_frame   0x0000000000001bc8       0x20 c:/st/stm32cubeide_1.8.0/stm32cubeide/plugins/com.st.stm32cube.ide.mcu.externaltools.gnu-tools-for-stm32.9-2020-q2-update.win32_2.0.0.202105311346/tools/bin/../lib/gcc/arm-none-eabi/9.3.1/../../../../arm-none-eabi/lib/thumb/v7e-m+fp/hard\libc_nano.a(lib_a-memset.o)
 .debug_frame   0x0000000000001be8       0x2c c:/st/stm32cubeide_1.8.0/stm32cubeide/plugins/com.st.stm32cube.ide.mcu.externaltools.gnu-tools-for-stm32.9-2020-q2-update.win32_2.0.0.202105311346/tools/bin/../lib/gcc/arm-none-eabi/9.3.1/thumb/v7e-m+fp/hard\libgcc.a(_aeabi_uldivmod.o)
 .debug_frame   0x0000000000001c14       0x34 c:/st/stm32cubeide_1.8.0/stm32cubeide/plugins/com.st.stm32cube.ide.mcu.externaltools.gnu-tools-for-stm32.9-2020-q2-update.win32_2.0.0.202105311346/tools/bin/../lib/gcc/arm-none-eabi/9.3.1/thumb/v7e-m+fp/hard\libgcc.a(_udivmoddi4.o)
